The system is: Linux - 6.12.54-linuxkit - aarch64
Compiling the C compiler identification source file "CMakeCCompilerId.c" succeeded.
Compiler: /usr/bin/cc 
Build flags: 
Id flags:  

The output was:
0


Compilation of the C compiler identification source "CMakeCCompilerId.c" produced "a.out"

The C compiler identification is GNU, found in "/workspace/qjs-modules/build/CMakeFiles/3.22.1/CompilerIdC/a.out"

Checking whether the ASM compiler is GNU using "--version" matched "(GNU assembler)|(GCC)|(Free Software Foundation)":
cc (Ubuntu 11.4.0-1ubuntu1~22.04.2) 11.4.0
Copyright (C) 2021 Free Software Foundation, Inc.
This is free software; see the source for copying conditions.  There is NO
warranty; not even for MERCHANTABILITY or FITNESS FOR A PARTICULAR PURPOSE.

Detecting C compiler ABI info compiled with the following output:
Change Dir: /workspace/qjs-modules/build/CMakeFiles/CMakeTmp

Run Build Command(s):/usr/bin/gmake -f Makefile cmTC_a640d/fast && /usr/bin/gmake  -f CMakeFiles/cmTC_a640d.dir/build.make CMakeFiles/cmTC_a640d.dir/build
gmake[1]: Entering directory '/workspace/qjs-modules/build/CMakeFiles/CMakeTmp'
Building C object CMakeFiles/cmTC_a640d.dir/CMakeCCompilerABI.c.o
/usr/bin/cc   -v -o CMakeFiles/cmTC_a640d.dir/CMakeCCompilerABI.c.o -c /usr/share/cmake-3.22/Modules/CMakeCCompilerABI.c
Using built-in specs.
COLLECT_GCC=/usr/bin/cc
Target: aarch64-linux-gnu
Configured with: ../src/configure -v --with-pkgversion='Ubuntu 11.4.0-1ubuntu1~22.04.2' --with-bugurl=file:///usr/share/doc/gcc-11/README.Bugs --enable-languages=c,ada,c++,go,d,fortran,objc,obj-c++,m2 --prefix=/usr --with-gcc-major-version-only --program-suffix=-11 --program-prefix=aarch64-linux-gnu- --enable-shared --enable-linker-build-id --libexecdir=/usr/lib --without-included-gettext --enable-threads=posix --libdir=/usr/lib --enable-nls --enable-bootstrap --enable-clocale=gnu --enable-libstdcxx-debug --enable-libstdcxx-time=yes --with-default-libstdcxx-abi=new --enable-gnu-unique-object --disable-libquadmath --disable-libquadmath-support --enable-plugin --enable-default-pie --with-system-zlib --enable-libphobos-checking=release --with-target-system-zlib=auto --enable-objc-gc=auto --enable-multiarch --enable-fix-cortex-a53-843419 --disable-werror --enable-checking=release --build=aarch64-linux-gnu --host=aarch64-linux-gnu --target=aarch64-linux-gnu --with-build-config=bootstrap-lto-lean --enable-link-serialization=4
Thread model: posix
Supported LTO compression algorithms: zlib zstd
gcc version 11.4.0 (Ubuntu 11.4.0-1ubuntu1~22.04.2) 
COLLECT_GCC_OPTIONS='-v' '-o' 'CMakeFiles/cmTC_a640d.dir/CMakeCCompilerABI.c.o' '-c' '-mlittle-endian' '-mabi=lp64' '-dumpdir' 'CMakeFiles/cmTC_a640d.dir/'
 /usr/lib/gcc/aarch64-linux-gnu/11/cc1 -quiet -v -imultiarch aarch64-linux-gnu /usr/share/cmake-3.22/Modules/CMakeCCompilerABI.c -quiet -dumpdir CMakeFiles/cmTC_a640d.dir/ -dumpbase CMakeCCompilerABI.c.c -dumpbase-ext .c -mlittle-endian -mabi=lp64 -version -fasynchronous-unwind-tables -fstack-protector-strong -Wformat -Wformat-security -fstack-clash-protection -o /tmp/ccr7HZIo.s
GNU C17 (Ubuntu 11.4.0-1ubuntu1~22.04.2) version 11.4.0 (aarch64-linux-gnu)
	compiled by GNU C version 11.4.0, GMP version 6.2.1, MPFR version 4.1.0, MPC version 1.2.1, isl version isl-0.24-GMP

GGC heuristics: --param ggc-min-expand=100 --param ggc-min-heapsize=131072
ignoring nonexistent directory "/usr/local/include/aarch64-linux-gnu"
ignoring nonexistent directory "/usr/lib/gcc/aarch64-linux-gnu/11/include-fixed"
ignoring nonexistent directory "/usr/lib/gcc/aarch64-linux-gnu/11/../../../../aarch64-linux-gnu/include"
#include "..." search starts here:
#include <...> search starts here:
 /usr/lib/gcc/aarch64-linux-gnu/11/include
 /usr/local/include
 /usr/include/aarch64-linux-gnu
 /usr/include
End of search list.
GNU C17 (Ubuntu 11.4.0-1ubuntu1~22.04.2) version 11.4.0 (aarch64-linux-gnu)
	compiled by GNU C version 11.4.0, GMP version 6.2.1, MPFR version 4.1.0, MPC version 1.2.1, isl version isl-0.24-GMP

GGC heuristics: --param ggc-min-expand=100 --param ggc-min-heapsize=131072
Compiler executable checksum: 0159626df870edcc607c5281685617fb
COLLECT_GCC_OPTIONS='-v' '-o' 'CMakeFiles/cmTC_a640d.dir/CMakeCCompilerABI.c.o' '-c' '-mlittle-endian' '-mabi=lp64' '-dumpdir' 'CMakeFiles/cmTC_a640d.dir/'
 as -v -EL -mabi=lp64 -o CMakeFiles/cmTC_a640d.dir/CMakeCCompilerABI.c.o /tmp/ccr7HZIo.s
GNU assembler version 2.38 (aarch64-linux-gnu) using BFD version (GNU Binutils for Ubuntu) 2.38
COMPILER_PATH=/usr/lib/gcc/aarch64-linux-gnu/11/:/usr/lib/gcc/aarch64-linux-gnu/11/:/usr/lib/gcc/aarch64-linux-gnu/:/usr/lib/gcc/aarch64-linux-gnu/11/:/usr/lib/gcc/aarch64-linux-gnu/
LIBRARY_PATH=/usr/lib/gcc/aarch64-linux-gnu/11/:/usr/lib/gcc/aarch64-linux-gnu/11/../../../aarch64-linux-gnu/:/usr/lib/gcc/aarch64-linux-gnu/11/../../../../lib/:/lib/aarch64-linux-gnu/:/lib/../lib/:/usr/lib/aarch64-linux-gnu/:/usr/lib/../lib/:/usr/lib/gcc/aarch64-linux-gnu/11/../../../:/lib/:/usr/lib/
COLLECT_GCC_OPTIONS='-v' '-o' 'CMakeFiles/cmTC_a640d.dir/CMakeCCompilerABI.c.o' '-c' '-mlittle-endian' '-mabi=lp64' '-dumpdir' 'CMakeFiles/cmTC_a640d.dir/CMakeCCompilerABI.c.'
Linking C executable cmTC_a640d
/usr/bin/cmake -E cmake_link_script CMakeFiles/cmTC_a640d.dir/link.txt --verbose=1
/usr/bin/cc  -v -rdynamic CMakeFiles/cmTC_a640d.dir/CMakeCCompilerABI.c.o -o cmTC_a640d 
Using built-in specs.
COLLECT_GCC=/usr/bin/cc
COLLECT_LTO_WRAPPER=/usr/lib/gcc/aarch64-linux-gnu/11/lto-wrapper
Target: aarch64-linux-gnu
Configured with: ../src/configure -v --with-pkgversion='Ubuntu 11.4.0-1ubuntu1~22.04.2' --with-bugurl=file:///usr/share/doc/gcc-11/README.Bugs --enable-languages=c,ada,c++,go,d,fortran,objc,obj-c++,m2 --prefix=/usr --with-gcc-major-version-only --program-suffix=-11 --program-prefix=aarch64-linux-gnu- --enable-shared --enable-linker-build-id --libexecdir=/usr/lib --without-included-gettext --enable-threads=posix --libdir=/usr/lib --enable-nls --enable-bootstrap --enable-clocale=gnu --enable-libstdcxx-debug --enable-libstdcxx-time=yes --with-default-libstdcxx-abi=new --enable-gnu-unique-object --disable-libquadmath --disable-libquadmath-support --enable-plugin --enable-default-pie --with-system-zlib --enable-libphobos-checking=release --with-target-system-zlib=auto --enable-objc-gc=auto --enable-multiarch --enable-fix-cortex-a53-843419 --disable-werror --enable-checking=release --build=aarch64-linux-gnu --host=aarch64-linux-gnu --target=aarch64-linux-gnu --with-build-config=bootstrap-lto-lean --enable-link-serialization=4
Thread model: posix
Supported LTO compression algorithms: zlib zstd
gcc version 11.4.0 (Ubuntu 11.4.0-1ubuntu1~22.04.2) 
COMPILER_PATH=/usr/lib/gcc/aarch64-linux-gnu/11/:/usr/lib/gcc/aarch64-linux-gnu/11/:/usr/lib/gcc/aarch64-linux-gnu/:/usr/lib/gcc/aarch64-linux-gnu/11/:/usr/lib/gcc/aarch64-linux-gnu/
LIBRARY_PATH=/usr/lib/gcc/aarch64-linux-gnu/11/:/usr/lib/gcc/aarch64-linux-gnu/11/../../../aarch64-linux-gnu/:/usr/lib/gcc/aarch64-linux-gnu/11/../../../../lib/:/lib/aarch64-linux-gnu/:/lib/../lib/:/usr/lib/aarch64-linux-gnu/:/usr/lib/../lib/:/usr/lib/gcc/aarch64-linux-gnu/11/../../../:/lib/:/usr/lib/
COLLECT_GCC_OPTIONS='-v' '-rdynamic' '-o' 'cmTC_a640d' '-mlittle-endian' '-mabi=lp64' '-dumpdir' 'cmTC_a640d.'
 /usr/lib/gcc/aarch64-linux-gnu/11/collect2 -plugin /usr/lib/gcc/aarch64-linux-gnu/11/liblto_plugin.so -plugin-opt=/usr/lib/gcc/aarch64-linux-gnu/11/lto-wrapper -plugin-opt=-fresolution=/tmp/ccqZMQkx.res -plugin-opt=-pass-through=-lgcc -plugin-opt=-pass-through=-lgcc_s -plugin-opt=-pass-through=-lc -plugin-opt=-pass-through=-lgcc -plugin-opt=-pass-through=-lgcc_s --build-id --eh-frame-hdr --hash-style=gnu --as-needed -export-dynamic -dynamic-linker /lib/ld-linux-aarch64.so.1 -X -EL -maarch64linux --fix-cortex-a53-843419 -pie -z now -z relro -o cmTC_a640d /usr/lib/gcc/aarch64-linux-gnu/11/../../../aarch64-linux-gnu/Scrt1.o /usr/lib/gcc/aarch64-linux-gnu/11/../../../aarch64-linux-gnu/crti.o /usr/lib/gcc/aarch64-linux-gnu/11/crtbeginS.o -L/usr/lib/gcc/aarch64-linux-gnu/11 -L/usr/lib/gcc/aarch64-linux-gnu/11/../../../aarch64-linux-gnu -L/usr/lib/gcc/aarch64-linux-gnu/11/../../../../lib -L/lib/aarch64-linux-gnu -L/lib/../lib -L/usr/lib/aarch64-linux-gnu -L/usr/lib/../lib -L/usr/lib/gcc/aarch64-linux-gnu/11/../../.. CMakeFiles/cmTC_a640d.dir/CMakeCCompilerABI.c.o -lgcc --push-state --as-needed -lgcc_s --pop-state -lc -lgcc --push-state --as-needed -lgcc_s --pop-state /usr/lib/gcc/aarch64-linux-gnu/11/crtendS.o /usr/lib/gcc/aarch64-linux-gnu/11/../../../aarch64-linux-gnu/crtn.o
COLLECT_GCC_OPTIONS='-v' '-rdynamic' '-o' 'cmTC_a640d' '-mlittle-endian' '-mabi=lp64' '-dumpdir' 'cmTC_a640d.'
gmake[1]: Leaving directory '/workspace/qjs-modules/build/CMakeFiles/CMakeTmp'



Parsed C implicit include dir info from above output: rv=done
  found start of include info
  found start of implicit include info
    add: [/usr/lib/gcc/aarch64-linux-gnu/11/include]
    add: [/usr/local/include]
    add: [/usr/include/aarch64-linux-gnu]
    add: [/usr/include]
  end of search list found
  collapse include dir [/usr/lib/gcc/aarch64-linux-gnu/11/include] ==> [/usr/lib/gcc/aarch64-linux-gnu/11/include]
  collapse include dir [/usr/local/include] ==> [/usr/local/include]
  collapse include dir [/usr/include/aarch64-linux-gnu] ==> [/usr/include/aarch64-linux-gnu]
  collapse include dir [/usr/include] ==> [/usr/include]
  implicit include dirs: [/usr/lib/gcc/aarch64-linux-gnu/11/include;/usr/local/include;/usr/include/aarch64-linux-gnu;/usr/include]


Parsed C implicit link information from above output:
  link line regex: [^( *|.*[/\])(ld|CMAKE_LINK_STARTFILE-NOTFOUND|([^/\]+-)?ld|collect2)[^/\]*( |$)]
  ignore line: [Change Dir: /workspace/qjs-modules/build/CMakeFiles/CMakeTmp]
  ignore line: []
  ignore line: [Run Build Command(s):/usr/bin/gmake -f Makefile cmTC_a640d/fast && /usr/bin/gmake  -f CMakeFiles/cmTC_a640d.dir/build.make CMakeFiles/cmTC_a640d.dir/build]
  ignore line: [gmake[1]: Entering directory '/workspace/qjs-modules/build/CMakeFiles/CMakeTmp']
  ignore line: [Building C object CMakeFiles/cmTC_a640d.dir/CMakeCCompilerABI.c.o]
  ignore line: [/usr/bin/cc   -v -o CMakeFiles/cmTC_a640d.dir/CMakeCCompilerABI.c.o -c /usr/share/cmake-3.22/Modules/CMakeCCompilerABI.c]
  ignore line: [Using built-in specs.]
  ignore line: [COLLECT_GCC=/usr/bin/cc]
  ignore line: [Target: aarch64-linux-gnu]
  ignore line: [Configured with: ../src/configure -v --with-pkgversion='Ubuntu 11.4.0-1ubuntu1~22.04.2' --with-bugurl=file:///usr/share/doc/gcc-11/README.Bugs --enable-languages=c ada c++ go d fortran objc obj-c++ m2 --prefix=/usr --with-gcc-major-version-only --program-suffix=-11 --program-prefix=aarch64-linux-gnu- --enable-shared --enable-linker-build-id --libexecdir=/usr/lib --without-included-gettext --enable-threads=posix --libdir=/usr/lib --enable-nls --enable-bootstrap --enable-clocale=gnu --enable-libstdcxx-debug --enable-libstdcxx-time=yes --with-default-libstdcxx-abi=new --enable-gnu-unique-object --disable-libquadmath --disable-libquadmath-support --enable-plugin --enable-default-pie --with-system-zlib --enable-libphobos-checking=release --with-target-system-zlib=auto --enable-objc-gc=auto --enable-multiarch --enable-fix-cortex-a53-843419 --disable-werror --enable-checking=release --build=aarch64-linux-gnu --host=aarch64-linux-gnu --target=aarch64-linux-gnu --with-build-config=bootstrap-lto-lean --enable-link-serialization=4]
  ignore line: [Thread model: posix]
  ignore line: [Supported LTO compression algorithms: zlib zstd]
  ignore line: [gcc version 11.4.0 (Ubuntu 11.4.0-1ubuntu1~22.04.2) ]
  ignore line: [COLLECT_GCC_OPTIONS='-v' '-o' 'CMakeFiles/cmTC_a640d.dir/CMakeCCompilerABI.c.o' '-c' '-mlittle-endian' '-mabi=lp64' '-dumpdir' 'CMakeFiles/cmTC_a640d.dir/']
  ignore line: [ /usr/lib/gcc/aarch64-linux-gnu/11/cc1 -quiet -v -imultiarch aarch64-linux-gnu /usr/share/cmake-3.22/Modules/CMakeCCompilerABI.c -quiet -dumpdir CMakeFiles/cmTC_a640d.dir/ -dumpbase CMakeCCompilerABI.c.c -dumpbase-ext .c -mlittle-endian -mabi=lp64 -version -fasynchronous-unwind-tables -fstack-protector-strong -Wformat -Wformat-security -fstack-clash-protection -o /tmp/ccr7HZIo.s]
  ignore line: [GNU C17 (Ubuntu 11.4.0-1ubuntu1~22.04.2) version 11.4.0 (aarch64-linux-gnu)]
  ignore line: [	compiled by GNU C version 11.4.0  GMP version 6.2.1  MPFR version 4.1.0  MPC version 1.2.1  isl version isl-0.24-GMP]
  ignore line: []
  ignore line: [GGC heuristics: --param ggc-min-expand=100 --param ggc-min-heapsize=131072]
  ignore line: [ignoring nonexistent directory "/usr/local/include/aarch64-linux-gnu"]
  ignore line: [ignoring nonexistent directory "/usr/lib/gcc/aarch64-linux-gnu/11/include-fixed"]
  ignore line: [ignoring nonexistent directory "/usr/lib/gcc/aarch64-linux-gnu/11/../../../../aarch64-linux-gnu/include"]
  ignore line: [#include "..." search starts here:]
  ignore line: [#include <...> search starts here:]
  ignore line: [ /usr/lib/gcc/aarch64-linux-gnu/11/include]
  ignore line: [ /usr/local/include]
  ignore line: [ /usr/include/aarch64-linux-gnu]
  ignore line: [ /usr/include]
  ignore line: [End of search list.]
  ignore line: [GNU C17 (Ubuntu 11.4.0-1ubuntu1~22.04.2) version 11.4.0 (aarch64-linux-gnu)]
  ignore line: [	compiled by GNU C version 11.4.0  GMP version 6.2.1  MPFR version 4.1.0  MPC version 1.2.1  isl version isl-0.24-GMP]
  ignore line: []
  ignore line: [GGC heuristics: --param ggc-min-expand=100 --param ggc-min-heapsize=131072]
  ignore line: [Compiler executable checksum: 0159626df870edcc607c5281685617fb]
  ignore line: [COLLECT_GCC_OPTIONS='-v' '-o' 'CMakeFiles/cmTC_a640d.dir/CMakeCCompilerABI.c.o' '-c' '-mlittle-endian' '-mabi=lp64' '-dumpdir' 'CMakeFiles/cmTC_a640d.dir/']
  ignore line: [ as -v -EL -mabi=lp64 -o CMakeFiles/cmTC_a640d.dir/CMakeCCompilerABI.c.o /tmp/ccr7HZIo.s]
  ignore line: [GNU assembler version 2.38 (aarch64-linux-gnu) using BFD version (GNU Binutils for Ubuntu) 2.38]
  ignore line: [COMPILER_PATH=/usr/lib/gcc/aarch64-linux-gnu/11/:/usr/lib/gcc/aarch64-linux-gnu/11/:/usr/lib/gcc/aarch64-linux-gnu/:/usr/lib/gcc/aarch64-linux-gnu/11/:/usr/lib/gcc/aarch64-linux-gnu/]
  ignore line: [LIBRARY_PATH=/usr/lib/gcc/aarch64-linux-gnu/11/:/usr/lib/gcc/aarch64-linux-gnu/11/../../../aarch64-linux-gnu/:/usr/lib/gcc/aarch64-linux-gnu/11/../../../../lib/:/lib/aarch64-linux-gnu/:/lib/../lib/:/usr/lib/aarch64-linux-gnu/:/usr/lib/../lib/:/usr/lib/gcc/aarch64-linux-gnu/11/../../../:/lib/:/usr/lib/]
  ignore line: [COLLECT_GCC_OPTIONS='-v' '-o' 'CMakeFiles/cmTC_a640d.dir/CMakeCCompilerABI.c.o' '-c' '-mlittle-endian' '-mabi=lp64' '-dumpdir' 'CMakeFiles/cmTC_a640d.dir/CMakeCCompilerABI.c.']
  ignore line: [Linking C executable cmTC_a640d]
  ignore line: [/usr/bin/cmake -E cmake_link_script CMakeFiles/cmTC_a640d.dir/link.txt --verbose=1]
  ignore line: [/usr/bin/cc  -v -rdynamic CMakeFiles/cmTC_a640d.dir/CMakeCCompilerABI.c.o -o cmTC_a640d ]
  ignore line: [Using built-in specs.]
  ignore line: [COLLECT_GCC=/usr/bin/cc]
  ignore line: [COLLECT_LTO_WRAPPER=/usr/lib/gcc/aarch64-linux-gnu/11/lto-wrapper]
  ignore line: [Target: aarch64-linux-gnu]
  ignore line: [Configured with: ../src/configure -v --with-pkgversion='Ubuntu 11.4.0-1ubuntu1~22.04.2' --with-bugurl=file:///usr/share/doc/gcc-11/README.Bugs --enable-languages=c ada c++ go d fortran objc obj-c++ m2 --prefix=/usr --with-gcc-major-version-only --program-suffix=-11 --program-prefix=aarch64-linux-gnu- --enable-shared --enable-linker-build-id --libexecdir=/usr/lib --without-included-gettext --enable-threads=posix --libdir=/usr/lib --enable-nls --enable-bootstrap --enable-clocale=gnu --enable-libstdcxx-debug --enable-libstdcxx-time=yes --with-default-libstdcxx-abi=new --enable-gnu-unique-object --disable-libquadmath --disable-libquadmath-support --enable-plugin --enable-default-pie --with-system-zlib --enable-libphobos-checking=release --with-target-system-zlib=auto --enable-objc-gc=auto --enable-multiarch --enable-fix-cortex-a53-843419 --disable-werror --enable-checking=release --build=aarch64-linux-gnu --host=aarch64-linux-gnu --target=aarch64-linux-gnu --with-build-config=bootstrap-lto-lean --enable-link-serialization=4]
  ignore line: [Thread model: posix]
  ignore line: [Supported LTO compression algorithms: zlib zstd]
  ignore line: [gcc version 11.4.0 (Ubuntu 11.4.0-1ubuntu1~22.04.2) ]
  ignore line: [COMPILER_PATH=/usr/lib/gcc/aarch64-linux-gnu/11/:/usr/lib/gcc/aarch64-linux-gnu/11/:/usr/lib/gcc/aarch64-linux-gnu/:/usr/lib/gcc/aarch64-linux-gnu/11/:/usr/lib/gcc/aarch64-linux-gnu/]
  ignore line: [LIBRARY_PATH=/usr/lib/gcc/aarch64-linux-gnu/11/:/usr/lib/gcc/aarch64-linux-gnu/11/../../../aarch64-linux-gnu/:/usr/lib/gcc/aarch64-linux-gnu/11/../../../../lib/:/lib/aarch64-linux-gnu/:/lib/../lib/:/usr/lib/aarch64-linux-gnu/:/usr/lib/../lib/:/usr/lib/gcc/aarch64-linux-gnu/11/../../../:/lib/:/usr/lib/]
  ignore line: [COLLECT_GCC_OPTIONS='-v' '-rdynamic' '-o' 'cmTC_a640d' '-mlittle-endian' '-mabi=lp64' '-dumpdir' 'cmTC_a640d.']
  link line: [ /usr/lib/gcc/aarch64-linux-gnu/11/collect2 -plugin /usr/lib/gcc/aarch64-linux-gnu/11/liblto_plugin.so -plugin-opt=/usr/lib/gcc/aarch64-linux-gnu/11/lto-wrapper -plugin-opt=-fresolution=/tmp/ccqZMQkx.res -plugin-opt=-pass-through=-lgcc -plugin-opt=-pass-through=-lgcc_s -plugin-opt=-pass-through=-lc -plugin-opt=-pass-through=-lgcc -plugin-opt=-pass-through=-lgcc_s --build-id --eh-frame-hdr --hash-style=gnu --as-needed -export-dynamic -dynamic-linker /lib/ld-linux-aarch64.so.1 -X -EL -maarch64linux --fix-cortex-a53-843419 -pie -z now -z relro -o cmTC_a640d /usr/lib/gcc/aarch64-linux-gnu/11/../../../aarch64-linux-gnu/Scrt1.o /usr/lib/gcc/aarch64-linux-gnu/11/../../../aarch64-linux-gnu/crti.o /usr/lib/gcc/aarch64-linux-gnu/11/crtbeginS.o -L/usr/lib/gcc/aarch64-linux-gnu/11 -L/usr/lib/gcc/aarch64-linux-gnu/11/../../../aarch64-linux-gnu -L/usr/lib/gcc/aarch64-linux-gnu/11/../../../../lib -L/lib/aarch64-linux-gnu -L/lib/../lib -L/usr/lib/aarch64-linux-gnu -L/usr/lib/../lib -L/usr/lib/gcc/aarch64-linux-gnu/11/../../.. CMakeFiles/cmTC_a640d.dir/CMakeCCompilerABI.c.o -lgcc --push-state --as-needed -lgcc_s --pop-state -lc -lgcc --push-state --as-needed -lgcc_s --pop-state /usr/lib/gcc/aarch64-linux-gnu/11/crtendS.o /usr/lib/gcc/aarch64-linux-gnu/11/../../../aarch64-linux-gnu/crtn.o]
    arg [/usr/lib/gcc/aarch64-linux-gnu/11/collect2] ==> ignore
    arg [-plugin] ==> ignore
    arg [/usr/lib/gcc/aarch64-linux-gnu/11/liblto_plugin.so] ==> ignore
    arg [-plugin-opt=/usr/lib/gcc/aarch64-linux-gnu/11/lto-wrapper] ==> ignore
    arg [-plugin-opt=-fresolution=/tmp/ccqZMQkx.res] ==> ignore
    arg [-plugin-opt=-pass-through=-lgcc] ==> ignore
    arg [-plugin-opt=-pass-through=-lgcc_s] ==> ignore
    arg [-plugin-opt=-pass-through=-lc] ==> ignore
    arg [-plugin-opt=-pass-through=-lgcc] ==> ignore
    arg [-plugin-opt=-pass-through=-lgcc_s] ==> ignore
    arg [--build-id] ==> ignore
    arg [--eh-frame-hdr] ==> ignore
    arg [--hash-style=gnu] ==> ignore
    arg [--as-needed] ==> ignore
    arg [-export-dynamic] ==> ignore
    arg [-dynamic-linker] ==> ignore
    arg [/lib/ld-linux-aarch64.so.1] ==> ignore
    arg [-X] ==> ignore
    arg [-EL] ==> ignore
    arg [-maarch64linux] ==> ignore
    arg [--fix-cortex-a53-843419] ==> ignore
    arg [-pie] ==> ignore
    arg [-znow] ==> ignore
    arg [-zrelro] ==> ignore
    arg [-o] ==> ignore
    arg [cmTC_a640d] ==> ignore
    arg [/usr/lib/gcc/aarch64-linux-gnu/11/../../../aarch64-linux-gnu/Scrt1.o] ==> obj [/usr/lib/gcc/aarch64-linux-gnu/11/../../../aarch64-linux-gnu/Scrt1.o]
    arg [/usr/lib/gcc/aarch64-linux-gnu/11/../../../aarch64-linux-gnu/crti.o] ==> obj [/usr/lib/gcc/aarch64-linux-gnu/11/../../../aarch64-linux-gnu/crti.o]
    arg [/usr/lib/gcc/aarch64-linux-gnu/11/crtbeginS.o] ==> obj [/usr/lib/gcc/aarch64-linux-gnu/11/crtbeginS.o]
    arg [-L/usr/lib/gcc/aarch64-linux-gnu/11] ==> dir [/usr/lib/gcc/aarch64-linux-gnu/11]
    arg [-L/usr/lib/gcc/aarch64-linux-gnu/11/../../../aarch64-linux-gnu] ==> dir [/usr/lib/gcc/aarch64-linux-gnu/11/../../../aarch64-linux-gnu]
    arg [-L/usr/lib/gcc/aarch64-linux-gnu/11/../../../../lib] ==> dir [/usr/lib/gcc/aarch64-linux-gnu/11/../../../../lib]
    arg [-L/lib/aarch64-linux-gnu] ==> dir [/lib/aarch64-linux-gnu]
    arg [-L/lib/../lib] ==> dir [/lib/../lib]
    arg [-L/usr/lib/aarch64-linux-gnu] ==> dir [/usr/lib/aarch64-linux-gnu]
    arg [-L/usr/lib/../lib] ==> dir [/usr/lib/../lib]
    arg [-L/usr/lib/gcc/aarch64-linux-gnu/11/../../..] ==> dir [/usr/lib/gcc/aarch64-linux-gnu/11/../../..]
    arg [CMakeFiles/cmTC_a640d.dir/CMakeCCompilerABI.c.o] ==> ignore
    arg [-lgcc] ==> lib [gcc]
    arg [--push-state] ==> ignore
    arg [--as-needed] ==> ignore
    arg [-lgcc_s] ==> lib [gcc_s]
    arg [--pop-state] ==> ignore
    arg [-lc] ==> lib [c]
    arg [-lgcc] ==> lib [gcc]
    arg [--push-state] ==> ignore
    arg [--as-needed] ==> ignore
    arg [-lgcc_s] ==> lib [gcc_s]
    arg [--pop-state] ==> ignore
    arg [/usr/lib/gcc/aarch64-linux-gnu/11/crtendS.o] ==> obj [/usr/lib/gcc/aarch64-linux-gnu/11/crtendS.o]
    arg [/usr/lib/gcc/aarch64-linux-gnu/11/../../../aarch64-linux-gnu/crtn.o] ==> obj [/usr/lib/gcc/aarch64-linux-gnu/11/../../../aarch64-linux-gnu/crtn.o]
  collapse obj [/usr/lib/gcc/aarch64-linux-gnu/11/../../../aarch64-linux-gnu/Scrt1.o] ==> [/usr/lib/aarch64-linux-gnu/Scrt1.o]
  collapse obj [/usr/lib/gcc/aarch64-linux-gnu/11/../../../aarch64-linux-gnu/crti.o] ==> [/usr/lib/aarch64-linux-gnu/crti.o]
  collapse obj [/usr/lib/gcc/aarch64-linux-gnu/11/../../../aarch64-linux-gnu/crtn.o] ==> [/usr/lib/aarch64-linux-gnu/crtn.o]
  collapse library dir [/usr/lib/gcc/aarch64-linux-gnu/11] ==> [/usr/lib/gcc/aarch64-linux-gnu/11]
  collapse library dir [/usr/lib/gcc/aarch64-linux-gnu/11/../../../aarch64-linux-gnu] ==> [/usr/lib/aarch64-linux-gnu]
  collapse library dir [/usr/lib/gcc/aarch64-linux-gnu/11/../../../../lib] ==> [/usr/lib]
  collapse library dir [/lib/aarch64-linux-gnu] ==> [/lib/aarch64-linux-gnu]
  collapse library dir [/lib/../lib] ==> [/lib]
  collapse library dir [/usr/lib/aarch64-linux-gnu] ==> [/usr/lib/aarch64-linux-gnu]
  collapse library dir [/usr/lib/../lib] ==> [/usr/lib]
  collapse library dir [/usr/lib/gcc/aarch64-linux-gnu/11/../../..] ==> [/usr/lib]
  implicit libs: [gcc;gcc_s;c;gcc;gcc_s]
  implicit objs: [/usr/lib/aarch64-linux-gnu/Scrt1.o;/usr/lib/aarch64-linux-gnu/crti.o;/usr/lib/gcc/aarch64-linux-gnu/11/crtbeginS.o;/usr/lib/gcc/aarch64-linux-gnu/11/crtendS.o;/usr/lib/aarch64-linux-gnu/crtn.o]
  implicit dirs: [/usr/lib/gcc/aarch64-linux-gnu/11;/usr/lib/aarch64-linux-gnu;/usr/lib;/lib/aarch64-linux-gnu;/lib]
  implicit fwks: []


Determining if the include file quickjs.h exists passed with the following output:
Change Dir: /workspace/qjs-modules/build/CMakeFiles/CMakeTmp

Run Build Command(s):/usr/bin/gmake -f Makefile cmTC_39c3a/fast && /usr/bin/gmake  -f CMakeFiles/cmTC_39c3a.dir/build.make CMakeFiles/cmTC_39c3a.dir/build
gmake[1]: Entering directory '/workspace/qjs-modules/build/CMakeFiles/CMakeTmp'
Building C object CMakeFiles/cmTC_39c3a.dir/CheckIncludeFile.c.o
/usr/bin/cc    -o CMakeFiles/cmTC_39c3a.dir/CheckIncludeFile.c.o -c /workspace/qjs-modules/build/CMakeFiles/CMakeTmp/CheckIncludeFile.c
Linking C executable cmTC_39c3a
/usr/bin/cmake -E cmake_link_script CMakeFiles/cmTC_39c3a.dir/link.txt --verbose=1
/usr/bin/cc CMakeFiles/cmTC_39c3a.dir/CheckIncludeFile.c.o -o cmTC_39c3a 
gmake[1]: Leaving directory '/workspace/qjs-modules/build/CMakeFiles/CMakeTmp'



Determining if the include file quickjs-config.h exists passed with the following output:
Change Dir: /workspace/qjs-modules/build/CMakeFiles/CMakeTmp

Run Build Command(s):/usr/bin/gmake -f Makefile cmTC_66dea/fast && /usr/bin/gmake  -f CMakeFiles/cmTC_66dea.dir/build.make CMakeFiles/cmTC_66dea.dir/build
gmake[1]: Entering directory '/workspace/qjs-modules/build/CMakeFiles/CMakeTmp'
Building C object CMakeFiles/cmTC_66dea.dir/CheckIncludeFile.c.o
/usr/bin/cc    -o CMakeFiles/cmTC_66dea.dir/CheckIncludeFile.c.o -c /workspace/qjs-modules/build/CMakeFiles/CMakeTmp/CheckIncludeFile.c
Linking C executable cmTC_66dea
/usr/bin/cmake -E cmake_link_script CMakeFiles/cmTC_66dea.dir/link.txt --verbose=1
/usr/bin/cc CMakeFiles/cmTC_66dea.dir/CheckIncludeFile.c.o -o cmTC_66dea 
gmake[1]: Leaving directory '/workspace/qjs-modules/build/CMakeFiles/CMakeTmp'



Determining if the function atan2 exists in the m passed with the following output:
Change Dir: /workspace/qjs-modules/build/CMakeFiles/CMakeTmp

Run Build Command(s):/usr/bin/gmake -f Makefile cmTC_6e477/fast && /usr/bin/gmake  -f CMakeFiles/cmTC_6e477.dir/build.make CMakeFiles/cmTC_6e477.dir/build
gmake[1]: Entering directory '/workspace/qjs-modules/build/CMakeFiles/CMakeTmp'
Building C object CMakeFiles/cmTC_6e477.dir/CheckFunctionExists.c.o
/usr/bin/cc   -DCHECK_FUNCTION_EXISTS=atan2 -o CMakeFiles/cmTC_6e477.dir/CheckFunctionExists.c.o -c /usr/share/cmake-3.22/Modules/CheckFunctionExists.c
<command-line>: warning: conflicting types for built-in function 'atan2'; expected 'double(double,  double)' [-Wbuiltin-declaration-mismatch]
/usr/share/cmake-3.22/Modules/CheckFunctionExists.c:7:3: note: in expansion of macro 'CHECK_FUNCTION_EXISTS'
    7 |   CHECK_FUNCTION_EXISTS(void);
      |   ^~~~~~~~~~~~~~~~~~~~~
/usr/share/cmake-3.22/Modules/CheckFunctionExists.c:1:1: note: 'atan2' is declared in header '<math.h>'
  +++ |+#include <math.h>
    1 | #ifdef CHECK_FUNCTION_EXISTS
Linking C executable cmTC_6e477
/usr/bin/cmake -E cmake_link_script CMakeFiles/cmTC_6e477.dir/link.txt --verbose=1
/usr/bin/cc  -DCHECK_FUNCTION_EXISTS=atan2 CMakeFiles/cmTC_6e477.dir/CheckFunctionExists.c.o -o cmTC_6e477  -lm /usr/local/lib/libqjs.a 
gmake[1]: Leaving directory '/workspace/qjs-modules/build/CMakeFiles/CMakeTmp'



Determining if the function vfork exists passed with the following output:
Change Dir: /workspace/qjs-modules/build/CMakeFiles/CMakeTmp

Run Build Command(s):/usr/bin/gmake -f Makefile cmTC_9fddb/fast && /usr/bin/gmake  -f CMakeFiles/cmTC_9fddb.dir/build.make CMakeFiles/cmTC_9fddb.dir/build
gmake[1]: Entering directory '/workspace/qjs-modules/build/CMakeFiles/CMakeTmp'
Building C object CMakeFiles/cmTC_9fddb.dir/CheckFunctionExists.c.o
/usr/bin/cc   -DCHECK_FUNCTION_EXISTS=vfork -o CMakeFiles/cmTC_9fddb.dir/CheckFunctionExists.c.o -c /usr/share/cmake-3.22/Modules/CheckFunctionExists.c
Linking C executable cmTC_9fddb
/usr/bin/cmake -E cmake_link_script CMakeFiles/cmTC_9fddb.dir/link.txt --verbose=1
/usr/bin/cc  -DCHECK_FUNCTION_EXISTS=vfork CMakeFiles/cmTC_9fddb.dir/CheckFunctionExists.c.o -o cmTC_9fddb  /usr/local/lib/libqjs.a 
gmake[1]: Leaving directory '/workspace/qjs-modules/build/CMakeFiles/CMakeTmp'



Determining if the function fork exists passed with the following output:
Change Dir: /workspace/qjs-modules/build/CMakeFiles/CMakeTmp

Run Build Command(s):/usr/bin/gmake -f Makefile cmTC_0adc1/fast && /usr/bin/gmake  -f CMakeFiles/cmTC_0adc1.dir/build.make CMakeFiles/cmTC_0adc1.dir/build
gmake[1]: Entering directory '/workspace/qjs-modules/build/CMakeFiles/CMakeTmp'
Building C object CMakeFiles/cmTC_0adc1.dir/CheckFunctionExists.c.o
/usr/bin/cc   -DCHECK_FUNCTION_EXISTS=fork -o CMakeFiles/cmTC_0adc1.dir/CheckFunctionExists.c.o -c /usr/share/cmake-3.22/Modules/CheckFunctionExists.c
<command-line>: warning: conflicting types for built-in function 'fork'; expected 'int(void)' [-Wbuiltin-declaration-mismatch]
/usr/share/cmake-3.22/Modules/CheckFunctionExists.c:7:3: note: in expansion of macro 'CHECK_FUNCTION_EXISTS'
    7 |   CHECK_FUNCTION_EXISTS(void);
      |   ^~~~~~~~~~~~~~~~~~~~~
Linking C executable cmTC_0adc1
/usr/bin/cmake -E cmake_link_script CMakeFiles/cmTC_0adc1.dir/link.txt --verbose=1
/usr/bin/cc  -DCHECK_FUNCTION_EXISTS=fork CMakeFiles/cmTC_0adc1.dir/CheckFunctionExists.c.o -o cmTC_0adc1  /usr/local/lib/libqjs.a 
gmake[1]: Leaving directory '/workspace/qjs-modules/build/CMakeFiles/CMakeTmp'



Determining if the function waitpid exists passed with the following output:
Change Dir: /workspace/qjs-modules/build/CMakeFiles/CMakeTmp

Run Build Command(s):/usr/bin/gmake -f Makefile cmTC_16867/fast && /usr/bin/gmake  -f CMakeFiles/cmTC_16867.dir/build.make CMakeFiles/cmTC_16867.dir/build
gmake[1]: Entering directory '/workspace/qjs-modules/build/CMakeFiles/CMakeTmp'
Building C object CMakeFiles/cmTC_16867.dir/CheckFunctionExists.c.o
/usr/bin/cc   -DCHECK_FUNCTION_EXISTS=waitpid -o CMakeFiles/cmTC_16867.dir/CheckFunctionExists.c.o -c /usr/share/cmake-3.22/Modules/CheckFunctionExists.c
Linking C executable cmTC_16867
/usr/bin/cmake -E cmake_link_script CMakeFiles/cmTC_16867.dir/link.txt --verbose=1
/usr/bin/cc  -DCHECK_FUNCTION_EXISTS=waitpid CMakeFiles/cmTC_16867.dir/CheckFunctionExists.c.o -o cmTC_16867  /usr/local/lib/libqjs.a 
gmake[1]: Leaving directory '/workspace/qjs-modules/build/CMakeFiles/CMakeTmp'



Determining if the function execvpe exists passed with the following output:
Change Dir: /workspace/qjs-modules/build/CMakeFiles/CMakeTmp

Run Build Command(s):/usr/bin/gmake -f Makefile cmTC_9f5d6/fast && /usr/bin/gmake  -f CMakeFiles/cmTC_9f5d6.dir/build.make CMakeFiles/cmTC_9f5d6.dir/build
gmake[1]: Entering directory '/workspace/qjs-modules/build/CMakeFiles/CMakeTmp'
Building C object CMakeFiles/cmTC_9f5d6.dir/CheckFunctionExists.c.o
/usr/bin/cc   -DCHECK_FUNCTION_EXISTS=execvpe -o CMakeFiles/cmTC_9f5d6.dir/CheckFunctionExists.c.o -c /usr/share/cmake-3.22/Modules/CheckFunctionExists.c
Linking C executable cmTC_9f5d6
/usr/bin/cmake -E cmake_link_script CMakeFiles/cmTC_9f5d6.dir/link.txt --verbose=1
/usr/bin/cc  -DCHECK_FUNCTION_EXISTS=execvpe CMakeFiles/cmTC_9f5d6.dir/CheckFunctionExists.c.o -o cmTC_9f5d6  /usr/local/lib/libqjs.a 
gmake[1]: Leaving directory '/workspace/qjs-modules/build/CMakeFiles/CMakeTmp'



Determining if the function setsid exists passed with the following output:
Change Dir: /workspace/qjs-modules/build/CMakeFiles/CMakeTmp

Run Build Command(s):/usr/bin/gmake -f Makefile cmTC_8a5a7/fast && /usr/bin/gmake  -f CMakeFiles/cmTC_8a5a7.dir/build.make CMakeFiles/cmTC_8a5a7.dir/build
gmake[1]: Entering directory '/workspace/qjs-modules/build/CMakeFiles/CMakeTmp'
Building C object CMakeFiles/cmTC_8a5a7.dir/CheckFunctionExists.c.o
/usr/bin/cc   -DCHECK_FUNCTION_EXISTS=setsid -o CMakeFiles/cmTC_8a5a7.dir/CheckFunctionExists.c.o -c /usr/share/cmake-3.22/Modules/CheckFunctionExists.c
Linking C executable cmTC_8a5a7
/usr/bin/cmake -E cmake_link_script CMakeFiles/cmTC_8a5a7.dir/link.txt --verbose=1
/usr/bin/cc  -DCHECK_FUNCTION_EXISTS=setsid CMakeFiles/cmTC_8a5a7.dir/CheckFunctionExists.c.o -o cmTC_8a5a7  /usr/local/lib/libqjs.a 
gmake[1]: Leaving directory '/workspace/qjs-modules/build/CMakeFiles/CMakeTmp'



Determining if the function execve exists passed with the following output:
Change Dir: /workspace/qjs-modules/build/CMakeFiles/CMakeTmp

Run Build Command(s):/usr/bin/gmake -f Makefile cmTC_1c4a2/fast && /usr/bin/gmake  -f CMakeFiles/cmTC_1c4a2.dir/build.make CMakeFiles/cmTC_1c4a2.dir/build
gmake[1]: Entering directory '/workspace/qjs-modules/build/CMakeFiles/CMakeTmp'
Building C object CMakeFiles/cmTC_1c4a2.dir/CheckFunctionExists.c.o
/usr/bin/cc   -DCHECK_FUNCTION_EXISTS=execve -o CMakeFiles/cmTC_1c4a2.dir/CheckFunctionExists.c.o -c /usr/share/cmake-3.22/Modules/CheckFunctionExists.c
<command-line>: warning: conflicting types for built-in function 'execve'; expected 'int(const char *, char * const*, char * const*)' [-Wbuiltin-declaration-mismatch]
/usr/share/cmake-3.22/Modules/CheckFunctionExists.c:7:3: note: in expansion of macro 'CHECK_FUNCTION_EXISTS'
    7 |   CHECK_FUNCTION_EXISTS(void);
      |   ^~~~~~~~~~~~~~~~~~~~~
Linking C executable cmTC_1c4a2
/usr/bin/cmake -E cmake_link_script CMakeFiles/cmTC_1c4a2.dir/link.txt --verbose=1
/usr/bin/cc  -DCHECK_FUNCTION_EXISTS=execve CMakeFiles/cmTC_1c4a2.dir/CheckFunctionExists.c.o -o cmTC_1c4a2  /usr/local/lib/libqjs.a 
gmake[1]: Leaving directory '/workspace/qjs-modules/build/CMakeFiles/CMakeTmp'



Determining if the include file sys/wait.h exists passed with the following output:
Change Dir: /workspace/qjs-modules/build/CMakeFiles/CMakeTmp

Run Build Command(s):/usr/bin/gmake -f Makefile cmTC_3269e/fast && /usr/bin/gmake  -f CMakeFiles/cmTC_3269e.dir/build.make CMakeFiles/cmTC_3269e.dir/build
gmake[1]: Entering directory '/workspace/qjs-modules/build/CMakeFiles/CMakeTmp'
Building C object CMakeFiles/cmTC_3269e.dir/CheckIncludeFile.c.o
/usr/bin/cc    -o CMakeFiles/cmTC_3269e.dir/CheckIncludeFile.c.o -c /workspace/qjs-modules/build/CMakeFiles/CMakeTmp/CheckIncludeFile.c
Linking C executable cmTC_3269e
/usr/bin/cmake -E cmake_link_script CMakeFiles/cmTC_3269e.dir/link.txt --verbose=1
/usr/bin/cc CMakeFiles/cmTC_3269e.dir/CheckIncludeFile.c.o -o cmTC_3269e 
gmake[1]: Leaving directory '/workspace/qjs-modules/build/CMakeFiles/CMakeTmp'



Determining if the include file sys/syscall.h exists passed with the following output:
Change Dir: /workspace/qjs-modules/build/CMakeFiles/CMakeTmp

Run Build Command(s):/usr/bin/gmake -f Makefile cmTC_0fecb/fast && /usr/bin/gmake  -f CMakeFiles/cmTC_0fecb.dir/build.make CMakeFiles/cmTC_0fecb.dir/build
gmake[1]: Entering directory '/workspace/qjs-modules/build/CMakeFiles/CMakeTmp'
Building C object CMakeFiles/cmTC_0fecb.dir/CheckIncludeFile.c.o
/usr/bin/cc    -o CMakeFiles/cmTC_0fecb.dir/CheckIncludeFile.c.o -c /workspace/qjs-modules/build/CMakeFiles/CMakeTmp/CheckIncludeFile.c
Linking C executable cmTC_0fecb
/usr/bin/cmake -E cmake_link_script CMakeFiles/cmTC_0fecb.dir/link.txt --verbose=1
/usr/bin/cc CMakeFiles/cmTC_0fecb.dir/CheckIncludeFile.c.o -o cmTC_0fecb 
gmake[1]: Leaving directory '/workspace/qjs-modules/build/CMakeFiles/CMakeTmp'



Determining if the include file spawn.h exists passed with the following output:
Change Dir: /workspace/qjs-modules/build/CMakeFiles/CMakeTmp

Run Build Command(s):/usr/bin/gmake -f Makefile cmTC_429cb/fast && /usr/bin/gmake  -f CMakeFiles/cmTC_429cb.dir/build.make CMakeFiles/cmTC_429cb.dir/build
gmake[1]: Entering directory '/workspace/qjs-modules/build/CMakeFiles/CMakeTmp'
Building C object CMakeFiles/cmTC_429cb.dir/CheckIncludeFile.c.o
/usr/bin/cc    -o CMakeFiles/cmTC_429cb.dir/CheckIncludeFile.c.o -c /workspace/qjs-modules/build/CMakeFiles/CMakeTmp/CheckIncludeFile.c
Linking C executable cmTC_429cb
/usr/bin/cmake -E cmake_link_script CMakeFiles/cmTC_429cb.dir/link.txt --verbose=1
/usr/bin/cc CMakeFiles/cmTC_429cb.dir/CheckIncludeFile.c.o -o cmTC_429cb 
gmake[1]: Leaving directory '/workspace/qjs-modules/build/CMakeFiles/CMakeTmp'



Determining if the function posix_spawnp exists passed with the following output:
Change Dir: /workspace/qjs-modules/build/CMakeFiles/CMakeTmp

Run Build Command(s):/usr/bin/gmake -f Makefile cmTC_81661/fast && /usr/bin/gmake  -f CMakeFiles/cmTC_81661.dir/build.make CMakeFiles/cmTC_81661.dir/build
gmake[1]: Entering directory '/workspace/qjs-modules/build/CMakeFiles/CMakeTmp'
Building C object CMakeFiles/cmTC_81661.dir/CheckFunctionExists.c.o
/usr/bin/cc   -DCHECK_FUNCTION_EXISTS=posix_spawnp -o CMakeFiles/cmTC_81661.dir/CheckFunctionExists.c.o -c /usr/share/cmake-3.22/Modules/CheckFunctionExists.c
Linking C executable cmTC_81661
/usr/bin/cmake -E cmake_link_script CMakeFiles/cmTC_81661.dir/link.txt --verbose=1
/usr/bin/cc  -DCHECK_FUNCTION_EXISTS=posix_spawnp CMakeFiles/cmTC_81661.dir/CheckFunctionExists.c.o -o cmTC_81661  /usr/local/lib/libqjs.a 
gmake[1]: Leaving directory '/workspace/qjs-modules/build/CMakeFiles/CMakeTmp'



Determining if the include file linux/x25.h exists passed with the following output:
Change Dir: /workspace/qjs-modules/build/CMakeFiles/CMakeTmp

Run Build Command(s):/usr/bin/gmake -f Makefile cmTC_d413d/fast && /usr/bin/gmake  -f CMakeFiles/cmTC_d413d.dir/build.make CMakeFiles/cmTC_d413d.dir/build
gmake[1]: Entering directory '/workspace/qjs-modules/build/CMakeFiles/CMakeTmp'
Building C object CMakeFiles/cmTC_d413d.dir/CheckIncludeFile.c.o
/usr/bin/cc    -o CMakeFiles/cmTC_d413d.dir/CheckIncludeFile.c.o -c /workspace/qjs-modules/build/CMakeFiles/CMakeTmp/CheckIncludeFile.c
Linking C executable cmTC_d413d
/usr/bin/cmake -E cmake_link_script CMakeFiles/cmTC_d413d.dir/link.txt --verbose=1
/usr/bin/cc CMakeFiles/cmTC_d413d.dir/CheckIncludeFile.c.o -o cmTC_d413d 
gmake[1]: Leaving directory '/workspace/qjs-modules/build/CMakeFiles/CMakeTmp'



Determining if the include file linux/can.h exists passed with the following output:
Change Dir: /workspace/qjs-modules/build/CMakeFiles/CMakeTmp

Run Build Command(s):/usr/bin/gmake -f Makefile cmTC_b7bec/fast && /usr/bin/gmake  -f CMakeFiles/cmTC_b7bec.dir/build.make CMakeFiles/cmTC_b7bec.dir/build
gmake[1]: Entering directory '/workspace/qjs-modules/build/CMakeFiles/CMakeTmp'
Building C object CMakeFiles/cmTC_b7bec.dir/CheckIncludeFile.c.o
/usr/bin/cc    -o CMakeFiles/cmTC_b7bec.dir/CheckIncludeFile.c.o -c /workspace/qjs-modules/build/CMakeFiles/CMakeTmp/CheckIncludeFile.c
Linking C executable cmTC_b7bec
/usr/bin/cmake -E cmake_link_script CMakeFiles/cmTC_b7bec.dir/link.txt --verbose=1
/usr/bin/cc CMakeFiles/cmTC_b7bec.dir/CheckIncludeFile.c.o -o cmTC_b7bec 
gmake[1]: Leaving directory '/workspace/qjs-modules/build/CMakeFiles/CMakeTmp'



Determining if the include file linux/nfc.h exists passed with the following output:
Change Dir: /workspace/qjs-modules/build/CMakeFiles/CMakeTmp

Run Build Command(s):/usr/bin/gmake -f Makefile cmTC_c63f3/fast && /usr/bin/gmake  -f CMakeFiles/cmTC_c63f3.dir/build.make CMakeFiles/cmTC_c63f3.dir/build
gmake[1]: Entering directory '/workspace/qjs-modules/build/CMakeFiles/CMakeTmp'
Building C object CMakeFiles/cmTC_c63f3.dir/CheckIncludeFile.c.o
/usr/bin/cc    -o CMakeFiles/cmTC_c63f3.dir/CheckIncludeFile.c.o -c /workspace/qjs-modules/build/CMakeFiles/CMakeTmp/CheckIncludeFile.c
Linking C executable cmTC_c63f3
/usr/bin/cmake -E cmake_link_script CMakeFiles/cmTC_c63f3.dir/link.txt --verbose=1
/usr/bin/cc CMakeFiles/cmTC_c63f3.dir/CheckIncludeFile.c.o -o cmTC_c63f3 
gmake[1]: Leaving directory '/workspace/qjs-modules/build/CMakeFiles/CMakeTmp'



Determining if the include file linux/ax25.h exists passed with the following output:
Change Dir: /workspace/qjs-modules/build/CMakeFiles/CMakeTmp

Run Build Command(s):/usr/bin/gmake -f Makefile cmTC_c4214/fast && /usr/bin/gmake  -f CMakeFiles/cmTC_c4214.dir/build.make CMakeFiles/cmTC_c4214.dir/build
gmake[1]: Entering directory '/workspace/qjs-modules/build/CMakeFiles/CMakeTmp'
Building C object CMakeFiles/cmTC_c4214.dir/CheckIncludeFile.c.o
/usr/bin/cc    -o CMakeFiles/cmTC_c4214.dir/CheckIncludeFile.c.o -c /workspace/qjs-modules/build/CMakeFiles/CMakeTmp/CheckIncludeFile.c
Linking C executable cmTC_c4214
/usr/bin/cmake -E cmake_link_script CMakeFiles/cmTC_c4214.dir/link.txt --verbose=1
/usr/bin/cc CMakeFiles/cmTC_c4214.dir/CheckIncludeFile.c.o -o cmTC_c4214 
gmake[1]: Leaving directory '/workspace/qjs-modules/build/CMakeFiles/CMakeTmp'



Determining if the include file linux/netlink.h exists passed with the following output:
Change Dir: /workspace/qjs-modules/build/CMakeFiles/CMakeTmp

Run Build Command(s):/usr/bin/gmake -f Makefile cmTC_62a19/fast && /usr/bin/gmake  -f CMakeFiles/cmTC_62a19.dir/build.make CMakeFiles/cmTC_62a19.dir/build
gmake[1]: Entering directory '/workspace/qjs-modules/build/CMakeFiles/CMakeTmp'
Building C object CMakeFiles/cmTC_62a19.dir/CheckIncludeFile.c.o
/usr/bin/cc    -o CMakeFiles/cmTC_62a19.dir/CheckIncludeFile.c.o -c /workspace/qjs-modules/build/CMakeFiles/CMakeTmp/CheckIncludeFile.c
Linking C executable cmTC_62a19
/usr/bin/cmake -E cmake_link_script CMakeFiles/cmTC_62a19.dir/link.txt --verbose=1
/usr/bin/cc CMakeFiles/cmTC_62a19.dir/CheckIncludeFile.c.o -o cmTC_62a19 
gmake[1]: Leaving directory '/workspace/qjs-modules/build/CMakeFiles/CMakeTmp'



Determining if the include file linux/atalk.h exists passed with the following output:
Change Dir: /workspace/qjs-modules/build/CMakeFiles/CMakeTmp

Run Build Command(s):/usr/bin/gmake -f Makefile cmTC_94cc4/fast && /usr/bin/gmake  -f CMakeFiles/cmTC_94cc4.dir/build.make CMakeFiles/cmTC_94cc4.dir/build
gmake[1]: Entering directory '/workspace/qjs-modules/build/CMakeFiles/CMakeTmp'
Building C object CMakeFiles/cmTC_94cc4.dir/CheckIncludeFile.c.o
/usr/bin/cc    -o CMakeFiles/cmTC_94cc4.dir/CheckIncludeFile.c.o -c /workspace/qjs-modules/build/CMakeFiles/CMakeTmp/CheckIncludeFile.c
Linking C executable cmTC_94cc4
/usr/bin/cmake -E cmake_link_script CMakeFiles/cmTC_94cc4.dir/link.txt --verbose=1
/usr/bin/cc CMakeFiles/cmTC_94cc4.dir/CheckIncludeFile.c.o -o cmTC_94cc4 
gmake[1]: Leaving directory '/workspace/qjs-modules/build/CMakeFiles/CMakeTmp'



Determining if the include file linux/if_alg.h exists passed with the following output:
Change Dir: /workspace/qjs-modules/build/CMakeFiles/CMakeTmp

Run Build Command(s):/usr/bin/gmake -f Makefile cmTC_f454d/fast && /usr/bin/gmake  -f CMakeFiles/cmTC_f454d.dir/build.make CMakeFiles/cmTC_f454d.dir/build
gmake[1]: Entering directory '/workspace/qjs-modules/build/CMakeFiles/CMakeTmp'
Building C object CMakeFiles/cmTC_f454d.dir/CheckIncludeFile.c.o
/usr/bin/cc    -o CMakeFiles/cmTC_f454d.dir/CheckIncludeFile.c.o -c /workspace/qjs-modules/build/CMakeFiles/CMakeTmp/CheckIncludeFile.c
Linking C executable cmTC_f454d
/usr/bin/cmake -E cmake_link_script CMakeFiles/cmTC_f454d.dir/link.txt --verbose=1
/usr/bin/cc CMakeFiles/cmTC_f454d.dir/CheckIncludeFile.c.o -o cmTC_f454d 
gmake[1]: Leaving directory '/workspace/qjs-modules/build/CMakeFiles/CMakeTmp'



Determining if the include file threads.h exists passed with the following output:
Change Dir: /workspace/qjs-modules/build/CMakeFiles/CMakeTmp

Run Build Command(s):/usr/bin/gmake -f Makefile cmTC_bf36b/fast && /usr/bin/gmake  -f CMakeFiles/cmTC_bf36b.dir/build.make CMakeFiles/cmTC_bf36b.dir/build
gmake[1]: Entering directory '/workspace/qjs-modules/build/CMakeFiles/CMakeTmp'
Building C object CMakeFiles/cmTC_bf36b.dir/CheckIncludeFile.c.o
/usr/bin/cc    -o CMakeFiles/cmTC_bf36b.dir/CheckIncludeFile.c.o -c /workspace/qjs-modules/build/CMakeFiles/CMakeTmp/CheckIncludeFile.c
Linking C executable cmTC_bf36b
/usr/bin/cmake -E cmake_link_script CMakeFiles/cmTC_bf36b.dir/link.txt --verbose=1
/usr/bin/cc CMakeFiles/cmTC_bf36b.dir/CheckIncludeFile.c.o -o cmTC_bf36b 
gmake[1]: Leaving directory '/workspace/qjs-modules/build/CMakeFiles/CMakeTmp'



Determining if the include file sys/mman.h exists passed with the following output:
Change Dir: /workspace/qjs-modules/build/CMakeFiles/CMakeTmp

Run Build Command(s):/usr/bin/gmake -f Makefile cmTC_96e47/fast && /usr/bin/gmake  -f CMakeFiles/cmTC_96e47.dir/build.make CMakeFiles/cmTC_96e47.dir/build
gmake[1]: Entering directory '/workspace/qjs-modules/build/CMakeFiles/CMakeTmp'
Building C object CMakeFiles/cmTC_96e47.dir/CheckIncludeFile.c.o
/usr/bin/cc    -o CMakeFiles/cmTC_96e47.dir/CheckIncludeFile.c.o -c /workspace/qjs-modules/build/CMakeFiles/CMakeTmp/CheckIncludeFile.c
Linking C executable cmTC_96e47
/usr/bin/cmake -E cmake_link_script CMakeFiles/cmTC_96e47.dir/link.txt --verbose=1
/usr/bin/cc CMakeFiles/cmTC_96e47.dir/CheckIncludeFile.c.o -o cmTC_96e47 
gmake[1]: Leaving directory '/workspace/qjs-modules/build/CMakeFiles/CMakeTmp'



Determining if the function mmap exists passed with the following output:
Change Dir: /workspace/qjs-modules/build/CMakeFiles/CMakeTmp

Run Build Command(s):/usr/bin/gmake -f Makefile cmTC_ee66f/fast && /usr/bin/gmake  -f CMakeFiles/cmTC_ee66f.dir/build.make CMakeFiles/cmTC_ee66f.dir/build
gmake[1]: Entering directory '/workspace/qjs-modules/build/CMakeFiles/CMakeTmp'
Building C object CMakeFiles/cmTC_ee66f.dir/CheckFunctionExists.c.o
/usr/bin/cc   -DCHECK_FUNCTION_EXISTS=mmap -o CMakeFiles/cmTC_ee66f.dir/CheckFunctionExists.c.o -c /usr/share/cmake-3.22/Modules/CheckFunctionExists.c
Linking C executable cmTC_ee66f
/usr/bin/cmake -E cmake_link_script CMakeFiles/cmTC_ee66f.dir/link.txt --verbose=1
/usr/bin/cc  -DCHECK_FUNCTION_EXISTS=mmap CMakeFiles/cmTC_ee66f.dir/CheckFunctionExists.c.o -o cmTC_ee66f  /usr/local/lib/libqjs.a 
gmake[1]: Leaving directory '/workspace/qjs-modules/build/CMakeFiles/CMakeTmp'



Determining if the include file sys/param.h exists passed with the following output:
Change Dir: /workspace/qjs-modules/build/CMakeFiles/CMakeTmp

Run Build Command(s):/usr/bin/gmake -f Makefile cmTC_5dd44/fast && /usr/bin/gmake  -f CMakeFiles/cmTC_5dd44.dir/build.make CMakeFiles/cmTC_5dd44.dir/build
gmake[1]: Entering directory '/workspace/qjs-modules/build/CMakeFiles/CMakeTmp'
Building C object CMakeFiles/cmTC_5dd44.dir/CheckIncludeFile.c.o
/usr/bin/cc    -o CMakeFiles/cmTC_5dd44.dir/CheckIncludeFile.c.o -c /workspace/qjs-modules/build/CMakeFiles/CMakeTmp/CheckIncludeFile.c
Linking C executable cmTC_5dd44
/usr/bin/cmake -E cmake_link_script CMakeFiles/cmTC_5dd44.dir/link.txt --verbose=1
/usr/bin/cc CMakeFiles/cmTC_5dd44.dir/CheckIncludeFile.c.o -o cmTC_5dd44 
gmake[1]: Leaving directory '/workspace/qjs-modules/build/CMakeFiles/CMakeTmp'



Determining if the include file sys/stat.h exists passed with the following output:
Change Dir: /workspace/qjs-modules/build/CMakeFiles/CMakeTmp

Run Build Command(s):/usr/bin/gmake -f Makefile cmTC_67418/fast && /usr/bin/gmake  -f CMakeFiles/cmTC_67418.dir/build.make CMakeFiles/cmTC_67418.dir/build
gmake[1]: Entering directory '/workspace/qjs-modules/build/CMakeFiles/CMakeTmp'
Building C object CMakeFiles/cmTC_67418.dir/CheckIncludeFile.c.o
/usr/bin/cc    -o CMakeFiles/cmTC_67418.dir/CheckIncludeFile.c.o -c /workspace/qjs-modules/build/CMakeFiles/CMakeTmp/CheckIncludeFile.c
Linking C executable cmTC_67418
/usr/bin/cmake -E cmake_link_script CMakeFiles/cmTC_67418.dir/link.txt --verbose=1
/usr/bin/cc CMakeFiles/cmTC_67418.dir/CheckIncludeFile.c.o -o cmTC_67418 
gmake[1]: Leaving directory '/workspace/qjs-modules/build/CMakeFiles/CMakeTmp'



Determining if the include file errno.h exists passed with the following output:
Change Dir: /workspace/qjs-modules/build/CMakeFiles/CMakeTmp

Run Build Command(s):/usr/bin/gmake -f Makefile cmTC_8cb82/fast && /usr/bin/gmake  -f CMakeFiles/cmTC_8cb82.dir/build.make CMakeFiles/cmTC_8cb82.dir/build
gmake[1]: Entering directory '/workspace/qjs-modules/build/CMakeFiles/CMakeTmp'
Building C object CMakeFiles/cmTC_8cb82.dir/CheckIncludeFile.c.o
/usr/bin/cc    -o CMakeFiles/cmTC_8cb82.dir/CheckIncludeFile.c.o -c /workspace/qjs-modules/build/CMakeFiles/CMakeTmp/CheckIncludeFile.c
Linking C executable cmTC_8cb82
/usr/bin/cmake -E cmake_link_script CMakeFiles/cmTC_8cb82.dir/link.txt --verbose=1
/usr/bin/cc CMakeFiles/cmTC_8cb82.dir/CheckIncludeFile.c.o -o cmTC_8cb82 
gmake[1]: Leaving directory '/workspace/qjs-modules/build/CMakeFiles/CMakeTmp'



Determining if the include file unistd.h exists passed with the following output:
Change Dir: /workspace/qjs-modules/build/CMakeFiles/CMakeTmp

Run Build Command(s):/usr/bin/gmake -f Makefile cmTC_8ab06/fast && /usr/bin/gmake  -f CMakeFiles/cmTC_8ab06.dir/build.make CMakeFiles/cmTC_8ab06.dir/build
gmake[1]: Entering directory '/workspace/qjs-modules/build/CMakeFiles/CMakeTmp'
Building C object CMakeFiles/cmTC_8ab06.dir/CheckIncludeFile.c.o
/usr/bin/cc    -o CMakeFiles/cmTC_8ab06.dir/CheckIncludeFile.c.o -c /workspace/qjs-modules/build/CMakeFiles/CMakeTmp/CheckIncludeFile.c
Linking C executable cmTC_8ab06
/usr/bin/cmake -E cmake_link_script CMakeFiles/cmTC_8ab06.dir/link.txt --verbose=1
/usr/bin/cc CMakeFiles/cmTC_8ab06.dir/CheckIncludeFile.c.o -o cmTC_8ab06 
gmake[1]: Leaving directory '/workspace/qjs-modules/build/CMakeFiles/CMakeTmp'



Determining if the include file dirent.h exists passed with the following output:
Change Dir: /workspace/qjs-modules/build/CMakeFiles/CMakeTmp

Run Build Command(s):/usr/bin/gmake -f Makefile cmTC_924bc/fast && /usr/bin/gmake  -f CMakeFiles/cmTC_924bc.dir/build.make CMakeFiles/cmTC_924bc.dir/build
gmake[1]: Entering directory '/workspace/qjs-modules/build/CMakeFiles/CMakeTmp'
Building C object CMakeFiles/cmTC_924bc.dir/CheckIncludeFile.c.o
/usr/bin/cc    -o CMakeFiles/cmTC_924bc.dir/CheckIncludeFile.c.o -c /workspace/qjs-modules/build/CMakeFiles/CMakeTmp/CheckIncludeFile.c
Linking C executable cmTC_924bc
/usr/bin/cmake -E cmake_link_script CMakeFiles/cmTC_924bc.dir/link.txt --verbose=1
/usr/bin/cc CMakeFiles/cmTC_924bc.dir/CheckIncludeFile.c.o -o cmTC_924bc 
gmake[1]: Leaving directory '/workspace/qjs-modules/build/CMakeFiles/CMakeTmp'



Determining if the include file pwd.h exists passed with the following output:
Change Dir: /workspace/qjs-modules/build/CMakeFiles/CMakeTmp

Run Build Command(s):/usr/bin/gmake -f Makefile cmTC_ac50b/fast && /usr/bin/gmake  -f CMakeFiles/cmTC_ac50b.dir/build.make CMakeFiles/cmTC_ac50b.dir/build
gmake[1]: Entering directory '/workspace/qjs-modules/build/CMakeFiles/CMakeTmp'
Building C object CMakeFiles/cmTC_ac50b.dir/CheckIncludeFile.c.o
/usr/bin/cc    -o CMakeFiles/cmTC_ac50b.dir/CheckIncludeFile.c.o -c /workspace/qjs-modules/build/CMakeFiles/CMakeTmp/CheckIncludeFile.c
Linking C executable cmTC_ac50b
/usr/bin/cmake -E cmake_link_script CMakeFiles/cmTC_ac50b.dir/link.txt --verbose=1
/usr/bin/cc CMakeFiles/cmTC_ac50b.dir/CheckIncludeFile.c.o -o cmTC_ac50b 
gmake[1]: Leaving directory '/workspace/qjs-modules/build/CMakeFiles/CMakeTmp'



Determining if the function getpwuid exists passed with the following output:
Change Dir: /workspace/qjs-modules/build/CMakeFiles/CMakeTmp

Run Build Command(s):/usr/bin/gmake -f Makefile cmTC_4c126/fast && /usr/bin/gmake  -f CMakeFiles/cmTC_4c126.dir/build.make CMakeFiles/cmTC_4c126.dir/build
gmake[1]: Entering directory '/workspace/qjs-modules/build/CMakeFiles/CMakeTmp'
Building C object CMakeFiles/cmTC_4c126.dir/CheckFunctionExists.c.o
/usr/bin/cc   -DCHECK_FUNCTION_EXISTS=getpwuid -o CMakeFiles/cmTC_4c126.dir/CheckFunctionExists.c.o -c /usr/share/cmake-3.22/Modules/CheckFunctionExists.c
Linking C executable cmTC_4c126
/usr/bin/cmake -E cmake_link_script CMakeFiles/cmTC_4c126.dir/link.txt --verbose=1
/usr/bin/cc  -DCHECK_FUNCTION_EXISTS=getpwuid CMakeFiles/cmTC_4c126.dir/CheckFunctionExists.c.o -o cmTC_4c126  /usr/local/lib/libqjs.a 
gmake[1]: Leaving directory '/workspace/qjs-modules/build/CMakeFiles/CMakeTmp'



Determining if the function getpwnam exists passed with the following output:
Change Dir: /workspace/qjs-modules/build/CMakeFiles/CMakeTmp

Run Build Command(s):/usr/bin/gmake -f Makefile cmTC_d903c/fast && /usr/bin/gmake  -f CMakeFiles/cmTC_d903c.dir/build.make CMakeFiles/cmTC_d903c.dir/build
gmake[1]: Entering directory '/workspace/qjs-modules/build/CMakeFiles/CMakeTmp'
Building C object CMakeFiles/cmTC_d903c.dir/CheckFunctionExists.c.o
/usr/bin/cc   -DCHECK_FUNCTION_EXISTS=getpwnam -o CMakeFiles/cmTC_d903c.dir/CheckFunctionExists.c.o -c /usr/share/cmake-3.22/Modules/CheckFunctionExists.c
Linking C executable cmTC_d903c
/usr/bin/cmake -E cmake_link_script CMakeFiles/cmTC_d903c.dir/link.txt --verbose=1
/usr/bin/cc  -DCHECK_FUNCTION_EXISTS=getpwnam CMakeFiles/cmTC_d903c.dir/CheckFunctionExists.c.o -o cmTC_d903c  /usr/local/lib/libqjs.a 
gmake[1]: Leaving directory '/workspace/qjs-modules/build/CMakeFiles/CMakeTmp'



Determining if the include file termios.h exists passed with the following output:
Change Dir: /workspace/qjs-modules/build/CMakeFiles/CMakeTmp

Run Build Command(s):/usr/bin/gmake -f Makefile cmTC_74a92/fast && /usr/bin/gmake  -f CMakeFiles/cmTC_74a92.dir/build.make CMakeFiles/cmTC_74a92.dir/build
gmake[1]: Entering directory '/workspace/qjs-modules/build/CMakeFiles/CMakeTmp'
Building C object CMakeFiles/cmTC_74a92.dir/CheckIncludeFile.c.o
/usr/bin/cc    -o CMakeFiles/cmTC_74a92.dir/CheckIncludeFile.c.o -c /workspace/qjs-modules/build/CMakeFiles/CMakeTmp/CheckIncludeFile.c
Linking C executable cmTC_74a92
/usr/bin/cmake -E cmake_link_script CMakeFiles/cmTC_74a92.dir/link.txt --verbose=1
/usr/bin/cc CMakeFiles/cmTC_74a92.dir/CheckIncludeFile.c.o -o cmTC_74a92 
gmake[1]: Leaving directory '/workspace/qjs-modules/build/CMakeFiles/CMakeTmp'



Determining if the function ioctl exists passed with the following output:
Change Dir: /workspace/qjs-modules/build/CMakeFiles/CMakeTmp

Run Build Command(s):/usr/bin/gmake -f Makefile cmTC_b711f/fast && /usr/bin/gmake  -f CMakeFiles/cmTC_b711f.dir/build.make CMakeFiles/cmTC_b711f.dir/build
gmake[1]: Entering directory '/workspace/qjs-modules/build/CMakeFiles/CMakeTmp'
Building C object CMakeFiles/cmTC_b711f.dir/CheckFunctionExists.c.o
/usr/bin/cc   -DCHECK_FUNCTION_EXISTS=ioctl -o CMakeFiles/cmTC_b711f.dir/CheckFunctionExists.c.o -c /usr/share/cmake-3.22/Modules/CheckFunctionExists.c
Linking C executable cmTC_b711f
/usr/bin/cmake -E cmake_link_script CMakeFiles/cmTC_b711f.dir/link.txt --verbose=1
/usr/bin/cc  -DCHECK_FUNCTION_EXISTS=ioctl CMakeFiles/cmTC_b711f.dir/CheckFunctionExists.c.o -o cmTC_b711f  /usr/local/lib/libqjs.a 
gmake[1]: Leaving directory '/workspace/qjs-modules/build/CMakeFiles/CMakeTmp'



Determining if the function realpath exists passed with the following output:
Change Dir: /workspace/qjs-modules/build/CMakeFiles/CMakeTmp

Run Build Command(s):/usr/bin/gmake -f Makefile cmTC_f1de2/fast && /usr/bin/gmake  -f CMakeFiles/cmTC_f1de2.dir/build.make CMakeFiles/cmTC_f1de2.dir/build
gmake[1]: Entering directory '/workspace/qjs-modules/build/CMakeFiles/CMakeTmp'
Building C object CMakeFiles/cmTC_f1de2.dir/CheckFunctionExists.c.o
/usr/bin/cc   -DCHECK_FUNCTION_EXISTS=realpath -o CMakeFiles/cmTC_f1de2.dir/CheckFunctionExists.c.o -c /usr/share/cmake-3.22/Modules/CheckFunctionExists.c
Linking C executable cmTC_f1de2
/usr/bin/cmake -E cmake_link_script CMakeFiles/cmTC_f1de2.dir/link.txt --verbose=1
/usr/bin/cc  -DCHECK_FUNCTION_EXISTS=realpath CMakeFiles/cmTC_f1de2.dir/CheckFunctionExists.c.o -o cmTC_f1de2  /usr/local/lib/libqjs.a 
gmake[1]: Leaving directory '/workspace/qjs-modules/build/CMakeFiles/CMakeTmp'



Determining if the function link exists passed with the following output:
Change Dir: /workspace/qjs-modules/build/CMakeFiles/CMakeTmp

Run Build Command(s):/usr/bin/gmake -f Makefile cmTC_016b1/fast && /usr/bin/gmake  -f CMakeFiles/cmTC_016b1.dir/build.make CMakeFiles/cmTC_016b1.dir/build
gmake[1]: Entering directory '/workspace/qjs-modules/build/CMakeFiles/CMakeTmp'
Building C object CMakeFiles/cmTC_016b1.dir/CheckFunctionExists.c.o
/usr/bin/cc   -DCHECK_FUNCTION_EXISTS=link -o CMakeFiles/cmTC_016b1.dir/CheckFunctionExists.c.o -c /usr/share/cmake-3.22/Modules/CheckFunctionExists.c
Linking C executable cmTC_016b1
/usr/bin/cmake -E cmake_link_script CMakeFiles/cmTC_016b1.dir/link.txt --verbose=1
/usr/bin/cc  -DCHECK_FUNCTION_EXISTS=link CMakeFiles/cmTC_016b1.dir/CheckFunctionExists.c.o -o cmTC_016b1  /usr/local/lib/libqjs.a 
gmake[1]: Leaving directory '/workspace/qjs-modules/build/CMakeFiles/CMakeTmp'



Determining if the function linkat exists passed with the following output:
Change Dir: /workspace/qjs-modules/build/CMakeFiles/CMakeTmp

Run Build Command(s):/usr/bin/gmake -f Makefile cmTC_359cf/fast && /usr/bin/gmake  -f CMakeFiles/cmTC_359cf.dir/build.make CMakeFiles/cmTC_359cf.dir/build
gmake[1]: Entering directory '/workspace/qjs-modules/build/CMakeFiles/CMakeTmp'
Building C object CMakeFiles/cmTC_359cf.dir/CheckFunctionExists.c.o
/usr/bin/cc   -DCHECK_FUNCTION_EXISTS=linkat -o CMakeFiles/cmTC_359cf.dir/CheckFunctionExists.c.o -c /usr/share/cmake-3.22/Modules/CheckFunctionExists.c
Linking C executable cmTC_359cf
/usr/bin/cmake -E cmake_link_script CMakeFiles/cmTC_359cf.dir/link.txt --verbose=1
/usr/bin/cc  -DCHECK_FUNCTION_EXISTS=linkat CMakeFiles/cmTC_359cf.dir/CheckFunctionExists.c.o -o cmTC_359cf  /usr/local/lib/libqjs.a 
gmake[1]: Leaving directory '/workspace/qjs-modules/build/CMakeFiles/CMakeTmp'



Determining if the function symlink exists passed with the following output:
Change Dir: /workspace/qjs-modules/build/CMakeFiles/CMakeTmp

Run Build Command(s):/usr/bin/gmake -f Makefile cmTC_9a874/fast && /usr/bin/gmake  -f CMakeFiles/cmTC_9a874.dir/build.make CMakeFiles/cmTC_9a874.dir/build
gmake[1]: Entering directory '/workspace/qjs-modules/build/CMakeFiles/CMakeTmp'
Building C object CMakeFiles/cmTC_9a874.dir/CheckFunctionExists.c.o
/usr/bin/cc   -DCHECK_FUNCTION_EXISTS=symlink -o CMakeFiles/cmTC_9a874.dir/CheckFunctionExists.c.o -c /usr/share/cmake-3.22/Modules/CheckFunctionExists.c
Linking C executable cmTC_9a874
/usr/bin/cmake -E cmake_link_script CMakeFiles/cmTC_9a874.dir/link.txt --verbose=1
/usr/bin/cc  -DCHECK_FUNCTION_EXISTS=symlink CMakeFiles/cmTC_9a874.dir/CheckFunctionExists.c.o -o cmTC_9a874  /usr/local/lib/libqjs.a 
gmake[1]: Leaving directory '/workspace/qjs-modules/build/CMakeFiles/CMakeTmp'



Determining if the function symlinkat exists passed with the following output:
Change Dir: /workspace/qjs-modules/build/CMakeFiles/CMakeTmp

Run Build Command(s):/usr/bin/gmake -f Makefile cmTC_7ecb3/fast && /usr/bin/gmake  -f CMakeFiles/cmTC_7ecb3.dir/build.make CMakeFiles/cmTC_7ecb3.dir/build
gmake[1]: Entering directory '/workspace/qjs-modules/build/CMakeFiles/CMakeTmp'
Building C object CMakeFiles/cmTC_7ecb3.dir/CheckFunctionExists.c.o
/usr/bin/cc   -DCHECK_FUNCTION_EXISTS=symlinkat -o CMakeFiles/cmTC_7ecb3.dir/CheckFunctionExists.c.o -c /usr/share/cmake-3.22/Modules/CheckFunctionExists.c
Linking C executable cmTC_7ecb3
/usr/bin/cmake -E cmake_link_script CMakeFiles/cmTC_7ecb3.dir/link.txt --verbose=1
/usr/bin/cc  -DCHECK_FUNCTION_EXISTS=symlinkat CMakeFiles/cmTC_7ecb3.dir/CheckFunctionExists.c.o -o cmTC_7ecb3  /usr/local/lib/libqjs.a 
gmake[1]: Leaving directory '/workspace/qjs-modules/build/CMakeFiles/CMakeTmp'



Determining if the function strverscmp exists passed with the following output:
Change Dir: /workspace/qjs-modules/build/CMakeFiles/CMakeTmp

Run Build Command(s):/usr/bin/gmake -f Makefile cmTC_d16d4/fast && /usr/bin/gmake  -f CMakeFiles/cmTC_d16d4.dir/build.make CMakeFiles/cmTC_d16d4.dir/build
gmake[1]: Entering directory '/workspace/qjs-modules/build/CMakeFiles/CMakeTmp'
Building C object CMakeFiles/cmTC_d16d4.dir/CheckFunctionExists.c.o
/usr/bin/cc   -DCHECK_FUNCTION_EXISTS=strverscmp -o CMakeFiles/cmTC_d16d4.dir/CheckFunctionExists.c.o -c /usr/share/cmake-3.22/Modules/CheckFunctionExists.c
Linking C executable cmTC_d16d4
/usr/bin/cmake -E cmake_link_script CMakeFiles/cmTC_d16d4.dir/link.txt --verbose=1
/usr/bin/cc  -DCHECK_FUNCTION_EXISTS=strverscmp CMakeFiles/cmTC_d16d4.dir/CheckFunctionExists.c.o -o cmTC_d16d4  /usr/local/lib/libqjs.a 
gmake[1]: Leaving directory '/workspace/qjs-modules/build/CMakeFiles/CMakeTmp'



Determining if the function memmem exists passed with the following output:
Change Dir: /workspace/qjs-modules/build/CMakeFiles/CMakeTmp

Run Build Command(s):/usr/bin/gmake -f Makefile cmTC_fec4c/fast && /usr/bin/gmake  -f CMakeFiles/cmTC_fec4c.dir/build.make CMakeFiles/cmTC_fec4c.dir/build
gmake[1]: Entering directory '/workspace/qjs-modules/build/CMakeFiles/CMakeTmp'
Building C object CMakeFiles/cmTC_fec4c.dir/CheckFunctionExists.c.o
/usr/bin/cc   -DCHECK_FUNCTION_EXISTS=memmem -o CMakeFiles/cmTC_fec4c.dir/CheckFunctionExists.c.o -c /usr/share/cmake-3.22/Modules/CheckFunctionExists.c
Linking C executable cmTC_fec4c
/usr/bin/cmake -E cmake_link_script CMakeFiles/cmTC_fec4c.dir/link.txt --verbose=1
/usr/bin/cc  -DCHECK_FUNCTION_EXISTS=memmem CMakeFiles/cmTC_fec4c.dir/CheckFunctionExists.c.o -o cmTC_fec4c  /usr/local/lib/libqjs.a 
gmake[1]: Leaving directory '/workspace/qjs-modules/build/CMakeFiles/CMakeTmp'



Determining if the function fmemopen exists passed with the following output:
Change Dir: /workspace/qjs-modules/build/CMakeFiles/CMakeTmp

Run Build Command(s):/usr/bin/gmake -f Makefile cmTC_7c79c/fast && /usr/bin/gmake  -f CMakeFiles/cmTC_7c79c.dir/build.make CMakeFiles/cmTC_7c79c.dir/build
gmake[1]: Entering directory '/workspace/qjs-modules/build/CMakeFiles/CMakeTmp'
Building C object CMakeFiles/cmTC_7c79c.dir/CheckFunctionExists.c.o
/usr/bin/cc   -DCHECK_FUNCTION_EXISTS=fmemopen -o CMakeFiles/cmTC_7c79c.dir/CheckFunctionExists.c.o -c /usr/share/cmake-3.22/Modules/CheckFunctionExists.c
Linking C executable cmTC_7c79c
/usr/bin/cmake -E cmake_link_script CMakeFiles/cmTC_7c79c.dir/link.txt --verbose=1
/usr/bin/cc  -DCHECK_FUNCTION_EXISTS=fmemopen CMakeFiles/cmTC_7c79c.dir/CheckFunctionExists.c.o -o cmTC_7c79c  /usr/local/lib/libqjs.a 
gmake[1]: Leaving directory '/workspace/qjs-modules/build/CMakeFiles/CMakeTmp'



Determining if the function fcntl exists passed with the following output:
Change Dir: /workspace/qjs-modules/build/CMakeFiles/CMakeTmp

Run Build Command(s):/usr/bin/gmake -f Makefile cmTC_9b096/fast && /usr/bin/gmake  -f CMakeFiles/cmTC_9b096.dir/build.make CMakeFiles/cmTC_9b096.dir/build
gmake[1]: Entering directory '/workspace/qjs-modules/build/CMakeFiles/CMakeTmp'
Building C object CMakeFiles/cmTC_9b096.dir/CheckFunctionExists.c.o
/usr/bin/cc   -DCHECK_FUNCTION_EXISTS=fcntl -o CMakeFiles/cmTC_9b096.dir/CheckFunctionExists.c.o -c /usr/share/cmake-3.22/Modules/CheckFunctionExists.c
Linking C executable cmTC_9b096
/usr/bin/cmake -E cmake_link_script CMakeFiles/cmTC_9b096.dir/link.txt --verbose=1
/usr/bin/cc  -DCHECK_FUNCTION_EXISTS=fcntl CMakeFiles/cmTC_9b096.dir/CheckFunctionExists.c.o -o cmTC_9b096  /usr/local/lib/libqjs.a 
gmake[1]: Leaving directory '/workspace/qjs-modules/build/CMakeFiles/CMakeTmp'



Determining if the function wordexp exists passed with the following output:
Change Dir: /workspace/qjs-modules/build/CMakeFiles/CMakeTmp

Run Build Command(s):/usr/bin/gmake -f Makefile cmTC_ef490/fast && /usr/bin/gmake  -f CMakeFiles/cmTC_ef490.dir/build.make CMakeFiles/cmTC_ef490.dir/build
gmake[1]: Entering directory '/workspace/qjs-modules/build/CMakeFiles/CMakeTmp'
Building C object CMakeFiles/cmTC_ef490.dir/CheckFunctionExists.c.o
/usr/bin/cc   -DCHECK_FUNCTION_EXISTS=wordexp -o CMakeFiles/cmTC_ef490.dir/CheckFunctionExists.c.o -c /usr/share/cmake-3.22/Modules/CheckFunctionExists.c
Linking C executable cmTC_ef490
/usr/bin/cmake -E cmake_link_script CMakeFiles/cmTC_ef490.dir/link.txt --verbose=1
/usr/bin/cc  -DCHECK_FUNCTION_EXISTS=wordexp CMakeFiles/cmTC_ef490.dir/CheckFunctionExists.c.o -o cmTC_ef490  /usr/local/lib/libqjs.a 
gmake[1]: Leaving directory '/workspace/qjs-modules/build/CMakeFiles/CMakeTmp'



Determining if the function inotify_init1 exists passed with the following output:
Change Dir: /workspace/qjs-modules/build/CMakeFiles/CMakeTmp

Run Build Command(s):/usr/bin/gmake -f Makefile cmTC_0b4c2/fast && /usr/bin/gmake  -f CMakeFiles/cmTC_0b4c2.dir/build.make CMakeFiles/cmTC_0b4c2.dir/build
gmake[1]: Entering directory '/workspace/qjs-modules/build/CMakeFiles/CMakeTmp'
Building C object CMakeFiles/cmTC_0b4c2.dir/CheckFunctionExists.c.o
/usr/bin/cc   -DCHECK_FUNCTION_EXISTS=inotify_init1 -o CMakeFiles/cmTC_0b4c2.dir/CheckFunctionExists.c.o -c /usr/share/cmake-3.22/Modules/CheckFunctionExists.c
Linking C executable cmTC_0b4c2
/usr/bin/cmake -E cmake_link_script CMakeFiles/cmTC_0b4c2.dir/link.txt --verbose=1
/usr/bin/cc  -DCHECK_FUNCTION_EXISTS=inotify_init1 CMakeFiles/cmTC_0b4c2.dir/CheckFunctionExists.c.o -o cmTC_0b4c2  /usr/local/lib/libqjs.a 
gmake[1]: Leaving directory '/workspace/qjs-modules/build/CMakeFiles/CMakeTmp'



Determining if the include file fcntl.h exists passed with the following output:
Change Dir: /workspace/qjs-modules/build/CMakeFiles/CMakeTmp

Run Build Command(s):/usr/bin/gmake -f Makefile cmTC_c4e8e/fast && /usr/bin/gmake  -f CMakeFiles/cmTC_c4e8e.dir/build.make CMakeFiles/cmTC_c4e8e.dir/build
gmake[1]: Entering directory '/workspace/qjs-modules/build/CMakeFiles/CMakeTmp'
Building C object CMakeFiles/cmTC_c4e8e.dir/CheckIncludeFile.c.o
/usr/bin/cc    -o CMakeFiles/cmTC_c4e8e.dir/CheckIncludeFile.c.o -c /workspace/qjs-modules/build/CMakeFiles/CMakeTmp/CheckIncludeFile.c
Linking C executable cmTC_c4e8e
/usr/bin/cmake -E cmake_link_script CMakeFiles/cmTC_c4e8e.dir/link.txt --verbose=1
/usr/bin/cc CMakeFiles/cmTC_c4e8e.dir/CheckIncludeFile.c.o -o cmTC_c4e8e 
gmake[1]: Leaving directory '/workspace/qjs-modules/build/CMakeFiles/CMakeTmp'



Determining if the include file alloca.h exists passed with the following output:
Change Dir: /workspace/qjs-modules/build/CMakeFiles/CMakeTmp

Run Build Command(s):/usr/bin/gmake -f Makefile cmTC_d420f/fast && /usr/bin/gmake  -f CMakeFiles/cmTC_d420f.dir/build.make CMakeFiles/cmTC_d420f.dir/build
gmake[1]: Entering directory '/workspace/qjs-modules/build/CMakeFiles/CMakeTmp'
Building C object CMakeFiles/cmTC_d420f.dir/CheckIncludeFile.c.o
/usr/bin/cc    -o CMakeFiles/cmTC_d420f.dir/CheckIncludeFile.c.o -c /workspace/qjs-modules/build/CMakeFiles/CMakeTmp/CheckIncludeFile.c
Linking C executable cmTC_d420f
/usr/bin/cmake -E cmake_link_script CMakeFiles/cmTC_d420f.dir/link.txt --verbose=1
/usr/bin/cc CMakeFiles/cmTC_d420f.dir/CheckIncludeFile.c.o -o cmTC_d420f 
gmake[1]: Leaving directory '/workspace/qjs-modules/build/CMakeFiles/CMakeTmp'



Determining if the include file wordexp.h exists passed with the following output:
Change Dir: /workspace/qjs-modules/build/CMakeFiles/CMakeTmp

Run Build Command(s):/usr/bin/gmake -f Makefile cmTC_eb7a9/fast && /usr/bin/gmake  -f CMakeFiles/cmTC_eb7a9.dir/build.make CMakeFiles/cmTC_eb7a9.dir/build
gmake[1]: Entering directory '/workspace/qjs-modules/build/CMakeFiles/CMakeTmp'
Building C object CMakeFiles/cmTC_eb7a9.dir/CheckIncludeFile.c.o
/usr/bin/cc    -o CMakeFiles/cmTC_eb7a9.dir/CheckIncludeFile.c.o -c /workspace/qjs-modules/build/CMakeFiles/CMakeTmp/CheckIncludeFile.c
Linking C executable cmTC_eb7a9
/usr/bin/cmake -E cmake_link_script CMakeFiles/cmTC_eb7a9.dir/link.txt --verbose=1
/usr/bin/cc CMakeFiles/cmTC_eb7a9.dir/CheckIncludeFile.c.o -o cmTC_eb7a9 
gmake[1]: Leaving directory '/workspace/qjs-modules/build/CMakeFiles/CMakeTmp'



Determining if the include file sys/inotify.h exists passed with the following output:
Change Dir: /workspace/qjs-modules/build/CMakeFiles/CMakeTmp

Run Build Command(s):/usr/bin/gmake -f Makefile cmTC_803ff/fast && /usr/bin/gmake  -f CMakeFiles/cmTC_803ff.dir/build.make CMakeFiles/cmTC_803ff.dir/build
gmake[1]: Entering directory '/workspace/qjs-modules/build/CMakeFiles/CMakeTmp'
Building C object CMakeFiles/cmTC_803ff.dir/CheckIncludeFile.c.o
/usr/bin/cc    -o CMakeFiles/cmTC_803ff.dir/CheckIncludeFile.c.o -c /workspace/qjs-modules/build/CMakeFiles/CMakeTmp/CheckIncludeFile.c
Linking C executable cmTC_803ff
/usr/bin/cmake -E cmake_link_script CMakeFiles/cmTC_803ff.dir/link.txt --verbose=1
/usr/bin/cc CMakeFiles/cmTC_803ff.dir/CheckIncludeFile.c.o -o cmTC_803ff 
gmake[1]: Leaving directory '/workspace/qjs-modules/build/CMakeFiles/CMakeTmp'



Determining if the function lstat exists passed with the following output:
Change Dir: /workspace/qjs-modules/build/CMakeFiles/CMakeTmp

Run Build Command(s):/usr/bin/gmake -f Makefile cmTC_31bb4/fast && /usr/bin/gmake  -f CMakeFiles/cmTC_31bb4.dir/build.make CMakeFiles/cmTC_31bb4.dir/build
gmake[1]: Entering directory '/workspace/qjs-modules/build/CMakeFiles/CMakeTmp'
Building C object CMakeFiles/cmTC_31bb4.dir/CheckFunctionExists.c.o
/usr/bin/cc   -DCHECK_FUNCTION_EXISTS=lstat -o CMakeFiles/cmTC_31bb4.dir/CheckFunctionExists.c.o -c /usr/share/cmake-3.22/Modules/CheckFunctionExists.c
Linking C executable cmTC_31bb4
/usr/bin/cmake -E cmake_link_script CMakeFiles/cmTC_31bb4.dir/link.txt --verbose=1
/usr/bin/cc  -DCHECK_FUNCTION_EXISTS=lstat CMakeFiles/cmTC_31bb4.dir/CheckFunctionExists.c.o -o cmTC_31bb4  /usr/local/lib/libqjs.a 
gmake[1]: Leaving directory '/workspace/qjs-modules/build/CMakeFiles/CMakeTmp'



Determining if the function fstat exists passed with the following output:
Change Dir: /workspace/qjs-modules/build/CMakeFiles/CMakeTmp

Run Build Command(s):/usr/bin/gmake -f Makefile cmTC_373e1/fast && /usr/bin/gmake  -f CMakeFiles/cmTC_373e1.dir/build.make CMakeFiles/cmTC_373e1.dir/build
gmake[1]: Entering directory '/workspace/qjs-modules/build/CMakeFiles/CMakeTmp'
Building C object CMakeFiles/cmTC_373e1.dir/CheckFunctionExists.c.o
/usr/bin/cc   -DCHECK_FUNCTION_EXISTS=fstat -o CMakeFiles/cmTC_373e1.dir/CheckFunctionExists.c.o -c /usr/share/cmake-3.22/Modules/CheckFunctionExists.c
Linking C executable cmTC_373e1
/usr/bin/cmake -E cmake_link_script CMakeFiles/cmTC_373e1.dir/link.txt --verbose=1
/usr/bin/cc  -DCHECK_FUNCTION_EXISTS=fstat CMakeFiles/cmTC_373e1.dir/CheckFunctionExists.c.o -o cmTC_373e1  /usr/local/lib/libqjs.a 
gmake[1]: Leaving directory '/workspace/qjs-modules/build/CMakeFiles/CMakeTmp'



Determining if the function access exists passed with the following output:
Change Dir: /workspace/qjs-modules/build/CMakeFiles/CMakeTmp

Run Build Command(s):/usr/bin/gmake -f Makefile cmTC_56e07/fast && /usr/bin/gmake  -f CMakeFiles/cmTC_56e07.dir/build.make CMakeFiles/cmTC_56e07.dir/build
gmake[1]: Entering directory '/workspace/qjs-modules/build/CMakeFiles/CMakeTmp'
Building C object CMakeFiles/cmTC_56e07.dir/CheckFunctionExists.c.o
/usr/bin/cc   -DCHECK_FUNCTION_EXISTS=access -o CMakeFiles/cmTC_56e07.dir/CheckFunctionExists.c.o -c /usr/share/cmake-3.22/Modules/CheckFunctionExists.c
Linking C executable cmTC_56e07
/usr/bin/cmake -E cmake_link_script CMakeFiles/cmTC_56e07.dir/link.txt --verbose=1
/usr/bin/cc  -DCHECK_FUNCTION_EXISTS=access CMakeFiles/cmTC_56e07.dir/CheckFunctionExists.c.o -o cmTC_56e07  /usr/local/lib/libqjs.a 
gmake[1]: Leaving directory '/workspace/qjs-modules/build/CMakeFiles/CMakeTmp'



Determining if the function fnmatch exists passed with the following output:
Change Dir: /workspace/qjs-modules/build/CMakeFiles/CMakeTmp

Run Build Command(s):/usr/bin/gmake -f Makefile cmTC_865b0/fast && /usr/bin/gmake  -f CMakeFiles/cmTC_865b0.dir/build.make CMakeFiles/cmTC_865b0.dir/build
gmake[1]: Entering directory '/workspace/qjs-modules/build/CMakeFiles/CMakeTmp'
Building C object CMakeFiles/cmTC_865b0.dir/CheckFunctionExists.c.o
/usr/bin/cc   -DCHECK_FUNCTION_EXISTS=fnmatch -o CMakeFiles/cmTC_865b0.dir/CheckFunctionExists.c.o -c /usr/share/cmake-3.22/Modules/CheckFunctionExists.c
Linking C executable cmTC_865b0
/usr/bin/cmake -E cmake_link_script CMakeFiles/cmTC_865b0.dir/link.txt --verbose=1
/usr/bin/cc  -DCHECK_FUNCTION_EXISTS=fnmatch CMakeFiles/cmTC_865b0.dir/CheckFunctionExists.c.o -o cmTC_865b0  /usr/local/lib/libqjs.a 
gmake[1]: Leaving directory '/workspace/qjs-modules/build/CMakeFiles/CMakeTmp'



Determining if the function daemon exists passed with the following output:
Change Dir: /workspace/qjs-modules/build/CMakeFiles/CMakeTmp

Run Build Command(s):/usr/bin/gmake -f Makefile cmTC_178b5/fast && /usr/bin/gmake  -f CMakeFiles/cmTC_178b5.dir/build.make CMakeFiles/cmTC_178b5.dir/build
gmake[1]: Entering directory '/workspace/qjs-modules/build/CMakeFiles/CMakeTmp'
Building C object CMakeFiles/cmTC_178b5.dir/CheckFunctionExists.c.o
/usr/bin/cc   -DCHECK_FUNCTION_EXISTS=daemon -o CMakeFiles/cmTC_178b5.dir/CheckFunctionExists.c.o -c /usr/share/cmake-3.22/Modules/CheckFunctionExists.c
Linking C executable cmTC_178b5
/usr/bin/cmake -E cmake_link_script CMakeFiles/cmTC_178b5.dir/link.txt --verbose=1
/usr/bin/cc  -DCHECK_FUNCTION_EXISTS=daemon CMakeFiles/cmTC_178b5.dir/CheckFunctionExists.c.o -o cmTC_178b5  /usr/local/lib/libqjs.a 
gmake[1]: Leaving directory '/workspace/qjs-modules/build/CMakeFiles/CMakeTmp'



Determining if the function chmod exists passed with the following output:
Change Dir: /workspace/qjs-modules/build/CMakeFiles/CMakeTmp

Run Build Command(s):/usr/bin/gmake -f Makefile cmTC_ba409/fast && /usr/bin/gmake  -f CMakeFiles/cmTC_ba409.dir/build.make CMakeFiles/cmTC_ba409.dir/build
gmake[1]: Entering directory '/workspace/qjs-modules/build/CMakeFiles/CMakeTmp'
Building C object CMakeFiles/cmTC_ba409.dir/CheckFunctionExists.c.o
/usr/bin/cc   -DCHECK_FUNCTION_EXISTS=chmod -o CMakeFiles/cmTC_ba409.dir/CheckFunctionExists.c.o -c /usr/share/cmake-3.22/Modules/CheckFunctionExists.c
Linking C executable cmTC_ba409
/usr/bin/cmake -E cmake_link_script CMakeFiles/cmTC_ba409.dir/link.txt --verbose=1
/usr/bin/cc  -DCHECK_FUNCTION_EXISTS=chmod CMakeFiles/cmTC_ba409.dir/CheckFunctionExists.c.o -o cmTC_ba409  /usr/local/lib/libqjs.a 
gmake[1]: Leaving directory '/workspace/qjs-modules/build/CMakeFiles/CMakeTmp'



Determining if the function fchmod exists passed with the following output:
Change Dir: /workspace/qjs-modules/build/CMakeFiles/CMakeTmp

Run Build Command(s):/usr/bin/gmake -f Makefile cmTC_0be13/fast && /usr/bin/gmake  -f CMakeFiles/cmTC_0be13.dir/build.make CMakeFiles/cmTC_0be13.dir/build
gmake[1]: Entering directory '/workspace/qjs-modules/build/CMakeFiles/CMakeTmp'
Building C object CMakeFiles/cmTC_0be13.dir/CheckFunctionExists.c.o
/usr/bin/cc   -DCHECK_FUNCTION_EXISTS=fchmod -o CMakeFiles/cmTC_0be13.dir/CheckFunctionExists.c.o -c /usr/share/cmake-3.22/Modules/CheckFunctionExists.c
Linking C executable cmTC_0be13
/usr/bin/cmake -E cmake_link_script CMakeFiles/cmTC_0be13.dir/link.txt --verbose=1
/usr/bin/cc  -DCHECK_FUNCTION_EXISTS=fchmod CMakeFiles/cmTC_0be13.dir/CheckFunctionExists.c.o -o cmTC_0be13  /usr/local/lib/libqjs.a 
gmake[1]: Leaving directory '/workspace/qjs-modules/build/CMakeFiles/CMakeTmp'



Determining if the function chown exists passed with the following output:
Change Dir: /workspace/qjs-modules/build/CMakeFiles/CMakeTmp

Run Build Command(s):/usr/bin/gmake -f Makefile cmTC_40007/fast && /usr/bin/gmake  -f CMakeFiles/cmTC_40007.dir/build.make CMakeFiles/cmTC_40007.dir/build
gmake[1]: Entering directory '/workspace/qjs-modules/build/CMakeFiles/CMakeTmp'
Building C object CMakeFiles/cmTC_40007.dir/CheckFunctionExists.c.o
/usr/bin/cc   -DCHECK_FUNCTION_EXISTS=chown -o CMakeFiles/cmTC_40007.dir/CheckFunctionExists.c.o -c /usr/share/cmake-3.22/Modules/CheckFunctionExists.c
Linking C executable cmTC_40007
/usr/bin/cmake -E cmake_link_script CMakeFiles/cmTC_40007.dir/link.txt --verbose=1
/usr/bin/cc  -DCHECK_FUNCTION_EXISTS=chown CMakeFiles/cmTC_40007.dir/CheckFunctionExists.c.o -o cmTC_40007  /usr/local/lib/libqjs.a 
gmake[1]: Leaving directory '/workspace/qjs-modules/build/CMakeFiles/CMakeTmp'



Determining if the function fchown exists passed with the following output:
Change Dir: /workspace/qjs-modules/build/CMakeFiles/CMakeTmp

Run Build Command(s):/usr/bin/gmake -f Makefile cmTC_c2adf/fast && /usr/bin/gmake  -f CMakeFiles/cmTC_c2adf.dir/build.make CMakeFiles/cmTC_c2adf.dir/build
gmake[1]: Entering directory '/workspace/qjs-modules/build/CMakeFiles/CMakeTmp'
Building C object CMakeFiles/cmTC_c2adf.dir/CheckFunctionExists.c.o
/usr/bin/cc   -DCHECK_FUNCTION_EXISTS=fchown -o CMakeFiles/cmTC_c2adf.dir/CheckFunctionExists.c.o -c /usr/share/cmake-3.22/Modules/CheckFunctionExists.c
Linking C executable cmTC_c2adf
/usr/bin/cmake -E cmake_link_script CMakeFiles/cmTC_c2adf.dir/link.txt --verbose=1
/usr/bin/cc  -DCHECK_FUNCTION_EXISTS=fchown CMakeFiles/cmTC_c2adf.dir/CheckFunctionExists.c.o -o cmTC_c2adf  /usr/local/lib/libqjs.a 
gmake[1]: Leaving directory '/workspace/qjs-modules/build/CMakeFiles/CMakeTmp'



Determining if the function lchown exists passed with the following output:
Change Dir: /workspace/qjs-modules/build/CMakeFiles/CMakeTmp

Run Build Command(s):/usr/bin/gmake -f Makefile cmTC_93a8b/fast && /usr/bin/gmake  -f CMakeFiles/cmTC_93a8b.dir/build.make CMakeFiles/cmTC_93a8b.dir/build
gmake[1]: Entering directory '/workspace/qjs-modules/build/CMakeFiles/CMakeTmp'
Building C object CMakeFiles/cmTC_93a8b.dir/CheckFunctionExists.c.o
/usr/bin/cc   -DCHECK_FUNCTION_EXISTS=lchown -o CMakeFiles/cmTC_93a8b.dir/CheckFunctionExists.c.o -c /usr/share/cmake-3.22/Modules/CheckFunctionExists.c
Linking C executable cmTC_93a8b
/usr/bin/cmake -E cmake_link_script CMakeFiles/cmTC_93a8b.dir/link.txt --verbose=1
/usr/bin/cc  -DCHECK_FUNCTION_EXISTS=lchown CMakeFiles/cmTC_93a8b.dir/CheckFunctionExists.c.o -o cmTC_93a8b  /usr/local/lib/libqjs.a 
gmake[1]: Leaving directory '/workspace/qjs-modules/build/CMakeFiles/CMakeTmp'



Determining if the function fsync exists passed with the following output:
Change Dir: /workspace/qjs-modules/build/CMakeFiles/CMakeTmp

Run Build Command(s):/usr/bin/gmake -f Makefile cmTC_09d97/fast && /usr/bin/gmake  -f CMakeFiles/cmTC_09d97.dir/build.make CMakeFiles/cmTC_09d97.dir/build
gmake[1]: Entering directory '/workspace/qjs-modules/build/CMakeFiles/CMakeTmp'
Building C object CMakeFiles/cmTC_09d97.dir/CheckFunctionExists.c.o
/usr/bin/cc   -DCHECK_FUNCTION_EXISTS=fsync -o CMakeFiles/cmTC_09d97.dir/CheckFunctionExists.c.o -c /usr/share/cmake-3.22/Modules/CheckFunctionExists.c
Linking C executable cmTC_09d97
/usr/bin/cmake -E cmake_link_script CMakeFiles/cmTC_09d97.dir/link.txt --verbose=1
/usr/bin/cc  -DCHECK_FUNCTION_EXISTS=fsync CMakeFiles/cmTC_09d97.dir/CheckFunctionExists.c.o -o cmTC_09d97  /usr/local/lib/libqjs.a 
gmake[1]: Leaving directory '/workspace/qjs-modules/build/CMakeFiles/CMakeTmp'



Determining if the function fdatasync exists passed with the following output:
Change Dir: /workspace/qjs-modules/build/CMakeFiles/CMakeTmp

Run Build Command(s):/usr/bin/gmake -f Makefile cmTC_a2301/fast && /usr/bin/gmake  -f CMakeFiles/cmTC_a2301.dir/build.make CMakeFiles/cmTC_a2301.dir/build
gmake[1]: Entering directory '/workspace/qjs-modules/build/CMakeFiles/CMakeTmp'
Building C object CMakeFiles/cmTC_a2301.dir/CheckFunctionExists.c.o
/usr/bin/cc   -DCHECK_FUNCTION_EXISTS=fdatasync -o CMakeFiles/cmTC_a2301.dir/CheckFunctionExists.c.o -c /usr/share/cmake-3.22/Modules/CheckFunctionExists.c
Linking C executable cmTC_a2301
/usr/bin/cmake -E cmake_link_script CMakeFiles/cmTC_a2301.dir/link.txt --verbose=1
/usr/bin/cc  -DCHECK_FUNCTION_EXISTS=fdatasync CMakeFiles/cmTC_a2301.dir/CheckFunctionExists.c.o -o cmTC_a2301  /usr/local/lib/libqjs.a 
gmake[1]: Leaving directory '/workspace/qjs-modules/build/CMakeFiles/CMakeTmp'



Determining if the function truncate exists passed with the following output:
Change Dir: /workspace/qjs-modules/build/CMakeFiles/CMakeTmp

Run Build Command(s):/usr/bin/gmake -f Makefile cmTC_6b895/fast && /usr/bin/gmake  -f CMakeFiles/cmTC_6b895.dir/build.make CMakeFiles/cmTC_6b895.dir/build
gmake[1]: Entering directory '/workspace/qjs-modules/build/CMakeFiles/CMakeTmp'
Building C object CMakeFiles/cmTC_6b895.dir/CheckFunctionExists.c.o
/usr/bin/cc   -DCHECK_FUNCTION_EXISTS=truncate -o CMakeFiles/cmTC_6b895.dir/CheckFunctionExists.c.o -c /usr/share/cmake-3.22/Modules/CheckFunctionExists.c
Linking C executable cmTC_6b895
/usr/bin/cmake -E cmake_link_script CMakeFiles/cmTC_6b895.dir/link.txt --verbose=1
/usr/bin/cc  -DCHECK_FUNCTION_EXISTS=truncate CMakeFiles/cmTC_6b895.dir/CheckFunctionExists.c.o -o cmTC_6b895  /usr/local/lib/libqjs.a 
gmake[1]: Leaving directory '/workspace/qjs-modules/build/CMakeFiles/CMakeTmp'



Determining if the function ftruncate exists passed with the following output:
Change Dir: /workspace/qjs-modules/build/CMakeFiles/CMakeTmp

Run Build Command(s):/usr/bin/gmake -f Makefile cmTC_d0963/fast && /usr/bin/gmake  -f CMakeFiles/cmTC_d0963.dir/build.make CMakeFiles/cmTC_d0963.dir/build
gmake[1]: Entering directory '/workspace/qjs-modules/build/CMakeFiles/CMakeTmp'
Building C object CMakeFiles/cmTC_d0963.dir/CheckFunctionExists.c.o
/usr/bin/cc   -DCHECK_FUNCTION_EXISTS=ftruncate -o CMakeFiles/cmTC_d0963.dir/CheckFunctionExists.c.o -c /usr/share/cmake-3.22/Modules/CheckFunctionExists.c
Linking C executable cmTC_d0963
/usr/bin/cmake -E cmake_link_script CMakeFiles/cmTC_d0963.dir/link.txt --verbose=1
/usr/bin/cc  -DCHECK_FUNCTION_EXISTS=ftruncate CMakeFiles/cmTC_d0963.dir/CheckFunctionExists.c.o -o cmTC_d0963  /usr/local/lib/libqjs.a 
gmake[1]: Leaving directory '/workspace/qjs-modules/build/CMakeFiles/CMakeTmp'



Determining if the function utime exists passed with the following output:
Change Dir: /workspace/qjs-modules/build/CMakeFiles/CMakeTmp

Run Build Command(s):/usr/bin/gmake -f Makefile cmTC_91f5d/fast && /usr/bin/gmake  -f CMakeFiles/cmTC_91f5d.dir/build.make CMakeFiles/cmTC_91f5d.dir/build
gmake[1]: Entering directory '/workspace/qjs-modules/build/CMakeFiles/CMakeTmp'
Building C object CMakeFiles/cmTC_91f5d.dir/CheckFunctionExists.c.o
/usr/bin/cc   -DCHECK_FUNCTION_EXISTS=utime -o CMakeFiles/cmTC_91f5d.dir/CheckFunctionExists.c.o -c /usr/share/cmake-3.22/Modules/CheckFunctionExists.c
Linking C executable cmTC_91f5d
/usr/bin/cmake -E cmake_link_script CMakeFiles/cmTC_91f5d.dir/link.txt --verbose=1
/usr/bin/cc  -DCHECK_FUNCTION_EXISTS=utime CMakeFiles/cmTC_91f5d.dir/CheckFunctionExists.c.o -o cmTC_91f5d  /usr/local/lib/libqjs.a 
gmake[1]: Leaving directory '/workspace/qjs-modules/build/CMakeFiles/CMakeTmp'



Determining if the function utimes exists passed with the following output:
Change Dir: /workspace/qjs-modules/build/CMakeFiles/CMakeTmp

Run Build Command(s):/usr/bin/gmake -f Makefile cmTC_ff359/fast && /usr/bin/gmake  -f CMakeFiles/cmTC_ff359.dir/build.make CMakeFiles/cmTC_ff359.dir/build
gmake[1]: Entering directory '/workspace/qjs-modules/build/CMakeFiles/CMakeTmp'
Building C object CMakeFiles/cmTC_ff359.dir/CheckFunctionExists.c.o
/usr/bin/cc   -DCHECK_FUNCTION_EXISTS=utimes -o CMakeFiles/cmTC_ff359.dir/CheckFunctionExists.c.o -c /usr/share/cmake-3.22/Modules/CheckFunctionExists.c
Linking C executable cmTC_ff359
/usr/bin/cmake -E cmake_link_script CMakeFiles/cmTC_ff359.dir/link.txt --verbose=1
/usr/bin/cc  -DCHECK_FUNCTION_EXISTS=utimes CMakeFiles/cmTC_ff359.dir/CheckFunctionExists.c.o -o cmTC_ff359  /usr/local/lib/libqjs.a 
gmake[1]: Leaving directory '/workspace/qjs-modules/build/CMakeFiles/CMakeTmp'



Determining if the function futimes exists passed with the following output:
Change Dir: /workspace/qjs-modules/build/CMakeFiles/CMakeTmp

Run Build Command(s):/usr/bin/gmake -f Makefile cmTC_269e0/fast && /usr/bin/gmake  -f CMakeFiles/cmTC_269e0.dir/build.make CMakeFiles/cmTC_269e0.dir/build
gmake[1]: Entering directory '/workspace/qjs-modules/build/CMakeFiles/CMakeTmp'
Building C object CMakeFiles/cmTC_269e0.dir/CheckFunctionExists.c.o
/usr/bin/cc   -DCHECK_FUNCTION_EXISTS=futimes -o CMakeFiles/cmTC_269e0.dir/CheckFunctionExists.c.o -c /usr/share/cmake-3.22/Modules/CheckFunctionExists.c
Linking C executable cmTC_269e0
/usr/bin/cmake -E cmake_link_script CMakeFiles/cmTC_269e0.dir/link.txt --verbose=1
/usr/bin/cc  -DCHECK_FUNCTION_EXISTS=futimes CMakeFiles/cmTC_269e0.dir/CheckFunctionExists.c.o -o cmTC_269e0  /usr/local/lib/libqjs.a 
gmake[1]: Leaving directory '/workspace/qjs-modules/build/CMakeFiles/CMakeTmp'



Determining if the function lutimes exists passed with the following output:
Change Dir: /workspace/qjs-modules/build/CMakeFiles/CMakeTmp

Run Build Command(s):/usr/bin/gmake -f Makefile cmTC_62f1b/fast && /usr/bin/gmake  -f CMakeFiles/cmTC_62f1b.dir/build.make CMakeFiles/cmTC_62f1b.dir/build
gmake[1]: Entering directory '/workspace/qjs-modules/build/CMakeFiles/CMakeTmp'
Building C object CMakeFiles/cmTC_62f1b.dir/CheckFunctionExists.c.o
/usr/bin/cc   -DCHECK_FUNCTION_EXISTS=lutimes -o CMakeFiles/cmTC_62f1b.dir/CheckFunctionExists.c.o -c /usr/share/cmake-3.22/Modules/CheckFunctionExists.c
Linking C executable cmTC_62f1b
/usr/bin/cmake -E cmake_link_script CMakeFiles/cmTC_62f1b.dir/link.txt --verbose=1
/usr/bin/cc  -DCHECK_FUNCTION_EXISTS=lutimes CMakeFiles/cmTC_62f1b.dir/CheckFunctionExists.c.o -o cmTC_62f1b  /usr/local/lib/libqjs.a 
gmake[1]: Leaving directory '/workspace/qjs-modules/build/CMakeFiles/CMakeTmp'



Determining if the include file sys/time.h exists passed with the following output:
Change Dir: /workspace/qjs-modules/build/CMakeFiles/CMakeTmp

Run Build Command(s):/usr/bin/gmake -f Makefile cmTC_16b1c/fast && /usr/bin/gmake  -f CMakeFiles/cmTC_16b1c.dir/build.make CMakeFiles/cmTC_16b1c.dir/build
gmake[1]: Entering directory '/workspace/qjs-modules/build/CMakeFiles/CMakeTmp'
Building C object CMakeFiles/cmTC_16b1c.dir/CheckIncludeFile.c.o
/usr/bin/cc    -o CMakeFiles/cmTC_16b1c.dir/CheckIncludeFile.c.o -c /workspace/qjs-modules/build/CMakeFiles/CMakeTmp/CheckIncludeFile.c
Linking C executable cmTC_16b1c
/usr/bin/cmake -E cmake_link_script CMakeFiles/cmTC_16b1c.dir/link.txt --verbose=1
/usr/bin/cc CMakeFiles/cmTC_16b1c.dir/CheckIncludeFile.c.o -o cmTC_16b1c 
gmake[1]: Leaving directory '/workspace/qjs-modules/build/CMakeFiles/CMakeTmp'



Determining if the include file fnmatch.h exists passed with the following output:
Change Dir: /workspace/qjs-modules/build/CMakeFiles/CMakeTmp

Run Build Command(s):/usr/bin/gmake -f Makefile cmTC_321ff/fast && /usr/bin/gmake  -f CMakeFiles/cmTC_321ff.dir/build.make CMakeFiles/cmTC_321ff.dir/build
gmake[1]: Entering directory '/workspace/qjs-modules/build/CMakeFiles/CMakeTmp'
Building C object CMakeFiles/cmTC_321ff.dir/CheckIncludeFile.c.o
/usr/bin/cc    -o CMakeFiles/cmTC_321ff.dir/CheckIncludeFile.c.o -c /workspace/qjs-modules/build/CMakeFiles/CMakeTmp/CheckIncludeFile.c
Linking C executable cmTC_321ff
/usr/bin/cmake -E cmake_link_script CMakeFiles/cmTC_321ff.dir/link.txt --verbose=1
/usr/bin/cc CMakeFiles/cmTC_321ff.dir/CheckIncludeFile.c.o -o cmTC_321ff 
gmake[1]: Leaving directory '/workspace/qjs-modules/build/CMakeFiles/CMakeTmp'



Determining if the include file fnmatch.h exists passed with the following output:
Change Dir: /workspace/qjs-modules/build/CMakeFiles/CMakeTmp

Run Build Command(s):/usr/bin/gmake -f Makefile cmTC_b8f15/fast && /usr/bin/gmake  -f CMakeFiles/cmTC_b8f15.dir/build.make CMakeFiles/cmTC_b8f15.dir/build
gmake[1]: Entering directory '/workspace/qjs-modules/build/CMakeFiles/CMakeTmp'
Building C object CMakeFiles/cmTC_b8f15.dir/CheckIncludeFile.c.o
/usr/bin/cc    -o CMakeFiles/cmTC_b8f15.dir/CheckIncludeFile.c.o -c /workspace/qjs-modules/build/CMakeFiles/CMakeTmp/CheckIncludeFile.c
Linking C executable cmTC_b8f15
/usr/bin/cmake -E cmake_link_script CMakeFiles/cmTC_b8f15.dir/link.txt --verbose=1
/usr/bin/cc CMakeFiles/cmTC_b8f15.dir/CheckIncludeFile.c.o -o cmTC_b8f15 
gmake[1]: Leaving directory '/workspace/qjs-modules/build/CMakeFiles/CMakeTmp'



Determining if the include file sys/sysinfo.h exists passed with the following output:
Change Dir: /workspace/qjs-modules/build/CMakeFiles/CMakeTmp

Run Build Command(s):/usr/bin/gmake -f Makefile cmTC_85261/fast && /usr/bin/gmake  -f CMakeFiles/cmTC_85261.dir/build.make CMakeFiles/cmTC_85261.dir/build
gmake[1]: Entering directory '/workspace/qjs-modules/build/CMakeFiles/CMakeTmp'
Building C object CMakeFiles/cmTC_85261.dir/CheckIncludeFile.c.o
/usr/bin/cc    -o CMakeFiles/cmTC_85261.dir/CheckIncludeFile.c.o -c /workspace/qjs-modules/build/CMakeFiles/CMakeTmp/CheckIncludeFile.c
Linking C executable cmTC_85261
/usr/bin/cmake -E cmake_link_script CMakeFiles/cmTC_85261.dir/link.txt --verbose=1
/usr/bin/cc CMakeFiles/cmTC_85261.dir/CheckIncludeFile.c.o -o cmTC_85261 
gmake[1]: Leaving directory '/workspace/qjs-modules/build/CMakeFiles/CMakeTmp'



Determining if the function sysinfo exists passed with the following output:
Change Dir: /workspace/qjs-modules/build/CMakeFiles/CMakeTmp

Run Build Command(s):/usr/bin/gmake -f Makefile cmTC_aa174/fast && /usr/bin/gmake  -f CMakeFiles/cmTC_aa174.dir/build.make CMakeFiles/cmTC_aa174.dir/build
gmake[1]: Entering directory '/workspace/qjs-modules/build/CMakeFiles/CMakeTmp'
Building C object CMakeFiles/cmTC_aa174.dir/CheckFunctionExists.c.o
/usr/bin/cc   -DCHECK_FUNCTION_EXISTS=sysinfo -o CMakeFiles/cmTC_aa174.dir/CheckFunctionExists.c.o -c /usr/share/cmake-3.22/Modules/CheckFunctionExists.c
Linking C executable cmTC_aa174
/usr/bin/cmake -E cmake_link_script CMakeFiles/cmTC_aa174.dir/link.txt --verbose=1
/usr/bin/cc  -DCHECK_FUNCTION_EXISTS=sysinfo CMakeFiles/cmTC_aa174.dir/CheckFunctionExists.c.o -o cmTC_aa174  /usr/local/lib/libqjs.a 
gmake[1]: Leaving directory '/workspace/qjs-modules/build/CMakeFiles/CMakeTmp'



Determining if the function gettid exists passed with the following output:
Change Dir: /workspace/qjs-modules/build/CMakeFiles/CMakeTmp

Run Build Command(s):/usr/bin/gmake -f Makefile cmTC_21a6a/fast && /usr/bin/gmake  -f CMakeFiles/cmTC_21a6a.dir/build.make CMakeFiles/cmTC_21a6a.dir/build
gmake[1]: Entering directory '/workspace/qjs-modules/build/CMakeFiles/CMakeTmp'
Building C object CMakeFiles/cmTC_21a6a.dir/CheckFunctionExists.c.o
/usr/bin/cc   -DCHECK_FUNCTION_EXISTS=gettid -o CMakeFiles/cmTC_21a6a.dir/CheckFunctionExists.c.o -c /usr/share/cmake-3.22/Modules/CheckFunctionExists.c
Linking C executable cmTC_21a6a
/usr/bin/cmake -E cmake_link_script CMakeFiles/cmTC_21a6a.dir/link.txt --verbose=1
/usr/bin/cc  -DCHECK_FUNCTION_EXISTS=gettid CMakeFiles/cmTC_21a6a.dir/CheckFunctionExists.c.o -o cmTC_21a6a  /usr/local/lib/libqjs.a 
gmake[1]: Leaving directory '/workspace/qjs-modules/build/CMakeFiles/CMakeTmp'



Determining if the function uname exists passed with the following output:
Change Dir: /workspace/qjs-modules/build/CMakeFiles/CMakeTmp

Run Build Command(s):/usr/bin/gmake -f Makefile cmTC_3e7c8/fast && /usr/bin/gmake  -f CMakeFiles/cmTC_3e7c8.dir/build.make CMakeFiles/cmTC_3e7c8.dir/build
gmake[1]: Entering directory '/workspace/qjs-modules/build/CMakeFiles/CMakeTmp'
Building C object CMakeFiles/cmTC_3e7c8.dir/CheckFunctionExists.c.o
/usr/bin/cc   -DCHECK_FUNCTION_EXISTS=uname -o CMakeFiles/cmTC_3e7c8.dir/CheckFunctionExists.c.o -c /usr/share/cmake-3.22/Modules/CheckFunctionExists.c
Linking C executable cmTC_3e7c8
/usr/bin/cmake -E cmake_link_script CMakeFiles/cmTC_3e7c8.dir/link.txt --verbose=1
/usr/bin/cc  -DCHECK_FUNCTION_EXISTS=uname CMakeFiles/cmTC_3e7c8.dir/CheckFunctionExists.c.o -o cmTC_3e7c8  /usr/local/lib/libqjs.a 
gmake[1]: Leaving directory '/workspace/qjs-modules/build/CMakeFiles/CMakeTmp'



Determining if the function tempnam exists passed with the following output:
Change Dir: /workspace/qjs-modules/build/CMakeFiles/CMakeTmp

Run Build Command(s):/usr/bin/gmake -f Makefile cmTC_20a35/fast && /usr/bin/gmake  -f CMakeFiles/cmTC_20a35.dir/build.make CMakeFiles/cmTC_20a35.dir/build
gmake[1]: Entering directory '/workspace/qjs-modules/build/CMakeFiles/CMakeTmp'
Building C object CMakeFiles/cmTC_20a35.dir/CheckFunctionExists.c.o
/usr/bin/cc   -DCHECK_FUNCTION_EXISTS=tempnam -o CMakeFiles/cmTC_20a35.dir/CheckFunctionExists.c.o -c /usr/share/cmake-3.22/Modules/CheckFunctionExists.c
Linking C executable cmTC_20a35
/usr/bin/cmake -E cmake_link_script CMakeFiles/cmTC_20a35.dir/link.txt --verbose=1
/usr/bin/cc  -DCHECK_FUNCTION_EXISTS=tempnam CMakeFiles/cmTC_20a35.dir/CheckFunctionExists.c.o -o cmTC_20a35  /usr/local/lib/libqjs.a 
/usr/bin/ld: CMakeFiles/cmTC_20a35.dir/CheckFunctionExists.c.o: in function `main':
CheckFunctionExists.c:(.text+0x10): warning: the use of `tempnam' is dangerous, better use `mkstemp'
gmake[1]: Leaving directory '/workspace/qjs-modules/build/CMakeFiles/CMakeTmp'



Determining if the function mkstemp exists passed with the following output:
Change Dir: /workspace/qjs-modules/build/CMakeFiles/CMakeTmp

Run Build Command(s):/usr/bin/gmake -f Makefile cmTC_015e3/fast && /usr/bin/gmake  -f CMakeFiles/cmTC_015e3.dir/build.make CMakeFiles/cmTC_015e3.dir/build
gmake[1]: Entering directory '/workspace/qjs-modules/build/CMakeFiles/CMakeTmp'
Building C object CMakeFiles/cmTC_015e3.dir/CheckFunctionExists.c.o
/usr/bin/cc   -DCHECK_FUNCTION_EXISTS=mkstemp -o CMakeFiles/cmTC_015e3.dir/CheckFunctionExists.c.o -c /usr/share/cmake-3.22/Modules/CheckFunctionExists.c
Linking C executable cmTC_015e3
/usr/bin/cmake -E cmake_link_script CMakeFiles/cmTC_015e3.dir/link.txt --verbose=1
/usr/bin/cc  -DCHECK_FUNCTION_EXISTS=mkstemp CMakeFiles/cmTC_015e3.dir/CheckFunctionExists.c.o -o cmTC_015e3  /usr/local/lib/libqjs.a 
gmake[1]: Leaving directory '/workspace/qjs-modules/build/CMakeFiles/CMakeTmp'



Determining if the include file libpq-fe.h exists passed with the following output:
Change Dir: /workspace/qjs-modules/build/CMakeFiles/CMakeTmp

Run Build Command(s):/usr/bin/gmake -f Makefile cmTC_da488/fast && /usr/bin/gmake  -f CMakeFiles/cmTC_da488.dir/build.make CMakeFiles/cmTC_da488.dir/build
gmake[1]: Entering directory '/workspace/qjs-modules/build/CMakeFiles/CMakeTmp'
Building C object CMakeFiles/cmTC_da488.dir/CheckIncludeFile.c.o
/usr/bin/cc  -I/usr/include/postgresql  -o CMakeFiles/cmTC_da488.dir/CheckIncludeFile.c.o -c /workspace/qjs-modules/build/CMakeFiles/CMakeTmp/CheckIncludeFile.c
Linking C executable cmTC_da488
/usr/bin/cmake -E cmake_link_script CMakeFiles/cmTC_da488.dir/link.txt --verbose=1
/usr/bin/cc CMakeFiles/cmTC_da488.dir/CheckIncludeFile.c.o -o cmTC_da488 
gmake[1]: Leaving directory '/workspace/qjs-modules/build/CMakeFiles/CMakeTmp'



Determining if the function inet_pton exists passed with the following output:
Change Dir: /workspace/qjs-modules/build/CMakeFiles/CMakeTmp

Run Build Command(s):/usr/bin/gmake -f Makefile cmTC_d5d01/fast && /usr/bin/gmake  -f CMakeFiles/cmTC_d5d01.dir/build.make CMakeFiles/cmTC_d5d01.dir/build
gmake[1]: Entering directory '/workspace/qjs-modules/build/CMakeFiles/CMakeTmp'
Building C object CMakeFiles/cmTC_d5d01.dir/CheckFunctionExists.c.o
/usr/bin/cc  -I/usr/include/postgresql -DCHECK_FUNCTION_EXISTS=inet_pton -o CMakeFiles/cmTC_d5d01.dir/CheckFunctionExists.c.o -c /usr/share/cmake-3.22/Modules/CheckFunctionExists.c
Linking C executable cmTC_d5d01
/usr/bin/cmake -E cmake_link_script CMakeFiles/cmTC_d5d01.dir/link.txt --verbose=1
/usr/bin/cc  -DCHECK_FUNCTION_EXISTS=inet_pton CMakeFiles/cmTC_d5d01.dir/CheckFunctionExists.c.o -o cmTC_d5d01  /usr/local/lib/libqjs.a 
gmake[1]: Leaving directory '/workspace/qjs-modules/build/CMakeFiles/CMakeTmp'



Determining if the function dbuf_claim exists in the /usr/local/lib/libqjs.a passed with the following output:
Change Dir: /workspace/qjs-modules/build/CMakeFiles/CMakeTmp

Run Build Command(s):/usr/bin/gmake -f Makefile cmTC_2ea1b/fast && /usr/bin/gmake  -f CMakeFiles/cmTC_2ea1b.dir/build.make CMakeFiles/cmTC_2ea1b.dir/build
gmake[1]: Entering directory '/workspace/qjs-modules/build/CMakeFiles/CMakeTmp'
Building C object CMakeFiles/cmTC_2ea1b.dir/CheckFunctionExists.c.o
/usr/bin/cc   -DCHECK_FUNCTION_EXISTS=dbuf_claim -o CMakeFiles/cmTC_2ea1b.dir/CheckFunctionExists.c.o -c /usr/share/cmake-3.22/Modules/CheckFunctionExists.c
Linking C executable cmTC_2ea1b
/usr/bin/cmake -E cmake_link_script CMakeFiles/cmTC_2ea1b.dir/link.txt --verbose=1
/usr/bin/cc  -DCHECK_FUNCTION_EXISTS=dbuf_claim CMakeFiles/cmTC_2ea1b.dir/CheckFunctionExists.c.o -o cmTC_2ea1b   -L/usr/local/lib/aarch64-linux-gnu  -Wl,-rpath,/usr/local/lib/aarch64-linux-gnu /usr/local/lib/libqjs.a /usr/local/lib/libqjs.a 
gmake[1]: Leaving directory '/workspace/qjs-modules/build/CMakeFiles/CMakeTmp'



Performing C SOURCE FILE Test VISIBILITY_HIDDEN succeeded with the following output:
Change Dir: /workspace/qjs-modules/build/CMakeFiles/CMakeTmp

Run Build Command(s):/usr/bin/gmake -f Makefile cmTC_db75a/fast && /usr/bin/gmake  -f CMakeFiles/cmTC_db75a.dir/build.make CMakeFiles/cmTC_db75a.dir/build
gmake[1]: Entering directory '/workspace/qjs-modules/build/CMakeFiles/CMakeTmp'
Building C object CMakeFiles/cmTC_db75a.dir/src.c.o
/usr/bin/cc -DVISIBILITY_HIDDEN  -fvisibility=hidden -o CMakeFiles/cmTC_db75a.dir/src.c.o -c /workspace/qjs-modules/build/CMakeFiles/CMakeTmp/src.c
Linking C executable cmTC_db75a
/usr/bin/cmake -E cmake_link_script CMakeFiles/cmTC_db75a.dir/link.txt --verbose=1
/usr/bin/cc CMakeFiles/cmTC_db75a.dir/src.c.o -o cmTC_db75a  /usr/local/lib/libqjs.a 
gmake[1]: Leaving directory '/workspace/qjs-modules/build/CMakeFiles/CMakeTmp'


Source file was:
int main(void) { return 0; }
Performing C SOURCE FILE Test _WALL succeeded with the following output:
Change Dir: /workspace/qjs-modules/build/CMakeFiles/CMakeTmp

Run Build Command(s):/usr/bin/gmake -f Makefile cmTC_2d914/fast && /usr/bin/gmake  -f CMakeFiles/cmTC_2d914.dir/build.make CMakeFiles/cmTC_2d914.dir/build
gmake[1]: Entering directory '/workspace/qjs-modules/build/CMakeFiles/CMakeTmp'
Building C object CMakeFiles/cmTC_2d914.dir/src.c.o
/usr/bin/cc -D_WALL  -Wall -o CMakeFiles/cmTC_2d914.dir/src.c.o -c /workspace/qjs-modules/build/CMakeFiles/CMakeTmp/src.c
Linking C executable cmTC_2d914
/usr/bin/cmake -E cmake_link_script CMakeFiles/cmTC_2d914.dir/link.txt --verbose=1
/usr/bin/cc CMakeFiles/cmTC_2d914.dir/src.c.o -o cmTC_2d914  /usr/local/lib/libqjs.a 
gmake[1]: Leaving directory '/workspace/qjs-modules/build/CMakeFiles/CMakeTmp'


Source file was:
int main(void) { return 0; }
Performing C SOURCE FILE Test _WNO_UNUSED_PARAMETER succeeded with the following output:
Change Dir: /workspace/qjs-modules/build/CMakeFiles/CMakeTmp

Run Build Command(s):/usr/bin/gmake -f Makefile cmTC_99384/fast && /usr/bin/gmake  -f CMakeFiles/cmTC_99384.dir/build.make CMakeFiles/cmTC_99384.dir/build
gmake[1]: Entering directory '/workspace/qjs-modules/build/CMakeFiles/CMakeTmp'
Building C object CMakeFiles/cmTC_99384.dir/src.c.o
/usr/bin/cc -D_WNO_UNUSED_PARAMETER  -Wall    -Wno-unused-parameter -o CMakeFiles/cmTC_99384.dir/src.c.o -c /workspace/qjs-modules/build/CMakeFiles/CMakeTmp/src.c
Linking C executable cmTC_99384
/usr/bin/cmake -E cmake_link_script CMakeFiles/cmTC_99384.dir/link.txt --verbose=1
/usr/bin/cc -Wall  CMakeFiles/cmTC_99384.dir/src.c.o -o cmTC_99384  /usr/local/lib/libqjs.a 
gmake[1]: Leaving directory '/workspace/qjs-modules/build/CMakeFiles/CMakeTmp'


Source file was:
int main(void) { return 0; }
Performing C SOURCE FILE Test _WNO_UNUSED_VARIABLE succeeded with the following output:
Change Dir: /workspace/qjs-modules/build/CMakeFiles/CMakeTmp

Run Build Command(s):/usr/bin/gmake -f Makefile cmTC_d1845/fast && /usr/bin/gmake  -f CMakeFiles/cmTC_d1845.dir/build.make CMakeFiles/cmTC_d1845.dir/build
gmake[1]: Entering directory '/workspace/qjs-modules/build/CMakeFiles/CMakeTmp'
Building C object CMakeFiles/cmTC_d1845.dir/src.c.o
/usr/bin/cc -D_WNO_UNUSED_VARIABLE  -Wall -Wno-unused-parameter    -Wno-unused-variable -o CMakeFiles/cmTC_d1845.dir/src.c.o -c /workspace/qjs-modules/build/CMakeFiles/CMakeTmp/src.c
Linking C executable cmTC_d1845
/usr/bin/cmake -E cmake_link_script CMakeFiles/cmTC_d1845.dir/link.txt --verbose=1
/usr/bin/cc -Wall -Wno-unused-parameter  CMakeFiles/cmTC_d1845.dir/src.c.o -o cmTC_d1845  /usr/local/lib/libqjs.a 
gmake[1]: Leaving directory '/workspace/qjs-modules/build/CMakeFiles/CMakeTmp'


Source file was:
int main(void) { return 0; }
Performing C SOURCE FILE Test _WNO_UNUSED_FUNCTION succeeded with the following output:
Change Dir: /workspace/qjs-modules/build/CMakeFiles/CMakeTmp

Run Build Command(s):/usr/bin/gmake -f Makefile cmTC_1763d/fast && /usr/bin/gmake  -f CMakeFiles/cmTC_1763d.dir/build.make CMakeFiles/cmTC_1763d.dir/build
gmake[1]: Entering directory '/workspace/qjs-modules/build/CMakeFiles/CMakeTmp'
Building C object CMakeFiles/cmTC_1763d.dir/src.c.o
/usr/bin/cc -D_WNO_UNUSED_FUNCTION  -Wall -Wno-unused-parameter -Wno-unused-variable    -Wno-unused-function -o CMakeFiles/cmTC_1763d.dir/src.c.o -c /workspace/qjs-modules/build/CMakeFiles/CMakeTmp/src.c
Linking C executable cmTC_1763d
/usr/bin/cmake -E cmake_link_script CMakeFiles/cmTC_1763d.dir/link.txt --verbose=1
/usr/bin/cc -Wall -Wno-unused-parameter -Wno-unused-variable  CMakeFiles/cmTC_1763d.dir/src.c.o -o cmTC_1763d  /usr/local/lib/libqjs.a 
gmake[1]: Leaving directory '/workspace/qjs-modules/build/CMakeFiles/CMakeTmp'


Source file was:
int main(void) { return 0; }
