Determining if the function js_std_file exists in the quickjs failed with the following output:
Change Dir: /workspace/qjs-modules/build/CMakeFiles/CMakeTmp

Run Build Command(s):/usr/bin/gmake -f Makefile cmTC_a2347/fast && /usr/bin/gmake  -f CMakeFiles/cmTC_a2347.dir/build.make CMakeFiles/cmTC_a2347.dir/build
gmake[1]: Entering directory '/workspace/qjs-modules/build/CMakeFiles/CMakeTmp'
Building C object CMakeFiles/cmTC_a2347.dir/CheckFunctionExists.c.o
/usr/bin/cc   -DCHECK_FUNCTION_EXISTS=js_std_file -o CMakeFiles/cmTC_a2347.dir/CheckFunctionExists.c.o -c /usr/share/cmake-3.22/Modules/CheckFunctionExists.c
Linking C executable cmTC_a2347
/usr/bin/cmake -E cmake_link_script CMakeFiles/cmTC_a2347.dir/link.txt --verbose=1
/usr/bin/cc  -DCHECK_FUNCTION_EXISTS=js_std_file CMakeFiles/cmTC_a2347.dir/CheckFunctionExists.c.o -o cmTC_a2347   -L/usr/local/lib/aarch64-linux-gnu  -Wl,-rpath,/usr/local/lib/aarch64-linux-gnu -lquickjs /usr/local/lib/libqjs.a 
/usr/bin/ld: cannot find -lquickjs: No such file or directory
collect2: error: ld returned 1 exit status
gmake[1]: *** [CMakeFiles/cmTC_a2347.dir/build.make:100: cmTC_a2347] Error 1
gmake[1]: Leaving directory '/workspace/qjs-modules/build/CMakeFiles/CMakeTmp'
gmake: *** [Makefile:127: cmTC_a2347/fast] Error 2



Determining if the function JS_PromiseState exists in the quickjs failed with the following output:
Change Dir: /workspace/qjs-modules/build/CMakeFiles/CMakeTmp

Run Build Command(s):/usr/bin/gmake -f Makefile cmTC_ab0a1/fast && /usr/bin/gmake  -f CMakeFiles/cmTC_ab0a1.dir/build.make CMakeFiles/cmTC_ab0a1.dir/build
gmake[1]: Entering directory '/workspace/qjs-modules/build/CMakeFiles/CMakeTmp'
Building C object CMakeFiles/cmTC_ab0a1.dir/CheckFunctionExists.c.o
/usr/bin/cc   -DCHECK_FUNCTION_EXISTS=JS_PromiseState -o CMakeFiles/cmTC_ab0a1.dir/CheckFunctionExists.c.o -c /usr/share/cmake-3.22/Modules/CheckFunctionExists.c
Linking C executable cmTC_ab0a1
/usr/bin/cmake -E cmake_link_script CMakeFiles/cmTC_ab0a1.dir/link.txt --verbose=1
/usr/bin/cc  -DCHECK_FUNCTION_EXISTS=JS_PromiseState CMakeFiles/cmTC_ab0a1.dir/CheckFunctionExists.c.o -o cmTC_ab0a1   -L/usr/local/lib/aarch64-linux-gnu  -Wl,-rpath,/usr/local/lib/aarch64-linux-gnu -lquickjs /usr/local/lib/libqjs.a 
/usr/bin/ld: cannot find -lquickjs: No such file or directory
collect2: error: ld returned 1 exit status
gmake[1]: *** [CMakeFiles/cmTC_ab0a1.dir/build.make:100: cmTC_ab0a1] Error 1
gmake[1]: Leaving directory '/workspace/qjs-modules/build/CMakeFiles/CMakeTmp'
gmake: *** [Makefile:127: cmTC_ab0a1/fast] Error 2



Determining if the function JS_PromiseResult exists in the quickjs failed with the following output:
Change Dir: /workspace/qjs-modules/build/CMakeFiles/CMakeTmp

Run Build Command(s):/usr/bin/gmake -f Makefile cmTC_13c67/fast && /usr/bin/gmake  -f CMakeFiles/cmTC_13c67.dir/build.make CMakeFiles/cmTC_13c67.dir/build
gmake[1]: Entering directory '/workspace/qjs-modules/build/CMakeFiles/CMakeTmp'
Building C object CMakeFiles/cmTC_13c67.dir/CheckFunctionExists.c.o
/usr/bin/cc   -DCHECK_FUNCTION_EXISTS=JS_PromiseResult -o CMakeFiles/cmTC_13c67.dir/CheckFunctionExists.c.o -c /usr/share/cmake-3.22/Modules/CheckFunctionExists.c
Linking C executable cmTC_13c67
/usr/bin/cmake -E cmake_link_script CMakeFiles/cmTC_13c67.dir/link.txt --verbose=1
/usr/bin/cc  -DCHECK_FUNCTION_EXISTS=JS_PromiseResult CMakeFiles/cmTC_13c67.dir/CheckFunctionExists.c.o -o cmTC_13c67   -L/usr/local/lib/aarch64-linux-gnu  -Wl,-rpath,/usr/local/lib/aarch64-linux-gnu -lquickjs /usr/local/lib/libqjs.a 
/usr/bin/ld: cannot find -lquickjs: No such file or directory
collect2: error: ld returned 1 exit status
gmake[1]: *** [CMakeFiles/cmTC_13c67.dir/build.make:100: cmTC_13c67] Error 1
gmake[1]: Leaving directory '/workspace/qjs-modules/build/CMakeFiles/CMakeTmp'
gmake: *** [Makefile:127: cmTC_13c67/fast] Error 2



Determining if the function JS_GetModuleLoaderFunc exists failed with the following output:
Change Dir: /workspace/qjs-modules/build/CMakeFiles/CMakeTmp

Run Build Command(s):/usr/bin/gmake -f Makefile cmTC_4bfe5/fast && /usr/bin/gmake  -f CMakeFiles/cmTC_4bfe5.dir/build.make CMakeFiles/cmTC_4bfe5.dir/build
gmake[1]: Entering directory '/workspace/qjs-modules/build/CMakeFiles/CMakeTmp'
Building C object CMakeFiles/cmTC_4bfe5.dir/CheckFunctionExists.c.o
/usr/bin/cc   -DCHECK_FUNCTION_EXISTS=JS_GetModuleLoaderFunc -o CMakeFiles/cmTC_4bfe5.dir/CheckFunctionExists.c.o -c /usr/share/cmake-3.22/Modules/CheckFunctionExists.c
Linking C executable cmTC_4bfe5
/usr/bin/cmake -E cmake_link_script CMakeFiles/cmTC_4bfe5.dir/link.txt --verbose=1
/usr/bin/cc  -DCHECK_FUNCTION_EXISTS=JS_GetModuleLoaderFunc CMakeFiles/cmTC_4bfe5.dir/CheckFunctionExists.c.o -o cmTC_4bfe5  /usr/local/lib/libqjs.a -lquickjs 
/usr/bin/ld: cannot find -lquickjs: No such file or directory
collect2: error: ld returned 1 exit status
gmake[1]: *** [CMakeFiles/cmTC_4bfe5.dir/build.make:100: cmTC_4bfe5] Error 1
gmake[1]: Leaving directory '/workspace/qjs-modules/build/CMakeFiles/CMakeTmp'
gmake: *** [Makefile:127: cmTC_4bfe5/fast] Error 2



Determining if the function JS_GetModuleLoaderOpaque exists failed with the following output:
Change Dir: /workspace/qjs-modules/build/CMakeFiles/CMakeTmp

Run Build Command(s):/usr/bin/gmake -f Makefile cmTC_05be3/fast && /usr/bin/gmake  -f CMakeFiles/cmTC_05be3.dir/build.make CMakeFiles/cmTC_05be3.dir/build
gmake[1]: Entering directory '/workspace/qjs-modules/build/CMakeFiles/CMakeTmp'
Building C object CMakeFiles/cmTC_05be3.dir/CheckFunctionExists.c.o
/usr/bin/cc   -DCHECK_FUNCTION_EXISTS=JS_GetModuleLoaderOpaque -o CMakeFiles/cmTC_05be3.dir/CheckFunctionExists.c.o -c /usr/share/cmake-3.22/Modules/CheckFunctionExists.c
Linking C executable cmTC_05be3
/usr/bin/cmake -E cmake_link_script CMakeFiles/cmTC_05be3.dir/link.txt --verbose=1
/usr/bin/cc  -DCHECK_FUNCTION_EXISTS=JS_GetModuleLoaderOpaque CMakeFiles/cmTC_05be3.dir/CheckFunctionExists.c.o -o cmTC_05be3  /usr/local/lib/libqjs.a -lquickjs 
/usr/bin/ld: cannot find -lquickjs: No such file or directory
collect2: error: ld returned 1 exit status
gmake[1]: *** [CMakeFiles/cmTC_05be3.dir/build.make:100: cmTC_05be3] Error 1
gmake[1]: Leaving directory '/workspace/qjs-modules/build/CMakeFiles/CMakeTmp'
gmake: *** [Makefile:127: cmTC_05be3/fast] Error 2



Determining if the function js_debugger_build_backtrace exists failed with the following output:
Change Dir: /workspace/qjs-modules/build/CMakeFiles/CMakeTmp

Run Build Command(s):/usr/bin/gmake -f Makefile cmTC_cbdf5/fast && /usr/bin/gmake  -f CMakeFiles/cmTC_cbdf5.dir/build.make CMakeFiles/cmTC_cbdf5.dir/build
gmake[1]: Entering directory '/workspace/qjs-modules/build/CMakeFiles/CMakeTmp'
Building C object CMakeFiles/cmTC_cbdf5.dir/CheckFunctionExists.c.o
/usr/bin/cc   -DCHECK_FUNCTION_EXISTS=js_debugger_build_backtrace -o CMakeFiles/cmTC_cbdf5.dir/CheckFunctionExists.c.o -c /usr/share/cmake-3.22/Modules/CheckFunctionExists.c
Linking C executable cmTC_cbdf5
/usr/bin/cmake -E cmake_link_script CMakeFiles/cmTC_cbdf5.dir/link.txt --verbose=1
/usr/bin/cc  -DCHECK_FUNCTION_EXISTS=js_debugger_build_backtrace CMakeFiles/cmTC_cbdf5.dir/CheckFunctionExists.c.o -o cmTC_cbdf5  /usr/local/lib/libqjs.a -lquickjs 
/usr/bin/ld: cannot find -lquickjs: No such file or directory
collect2: error: ld returned 1 exit status
gmake[1]: *** [CMakeFiles/cmTC_cbdf5.dir/build.make:100: cmTC_cbdf5] Error 1
gmake[1]: Leaving directory '/workspace/qjs-modules/build/CMakeFiles/CMakeTmp'
gmake: *** [Makefile:127: cmTC_cbdf5/fast] Error 2



Determining if the include file libbf.h exists failed with the following output:
Change Dir: /workspace/qjs-modules/build/CMakeFiles/CMakeTmp

Run Build Command(s):/usr/bin/gmake -f Makefile cmTC_6ad66/fast && /usr/bin/gmake  -f CMakeFiles/cmTC_6ad66.dir/build.make CMakeFiles/cmTC_6ad66.dir/build
gmake[1]: Entering directory '/workspace/qjs-modules/build/CMakeFiles/CMakeTmp'
Building C object CMakeFiles/cmTC_6ad66.dir/CheckIncludeFile.c.o
/usr/bin/cc    -o CMakeFiles/cmTC_6ad66.dir/CheckIncludeFile.c.o -c /workspace/qjs-modules/build/CMakeFiles/CMakeTmp/CheckIncludeFile.c
/workspace/qjs-modules/build/CMakeFiles/CMakeTmp/CheckIncludeFile.c:1:10: fatal error: libbf.h: No such file or directory
    1 | #include <libbf.h>
      |          ^~~~~~~~~
compilation terminated.
gmake[1]: *** [CMakeFiles/cmTC_6ad66.dir/build.make:78: CMakeFiles/cmTC_6ad66.dir/CheckIncludeFile.c.o] Error 1
gmake[1]: Leaving directory '/workspace/qjs-modules/build/CMakeFiles/CMakeTmp'
gmake: *** [Makefile:127: cmTC_6ad66/fast] Error 2



Determining if the include file linux/ipx.h exists failed with the following output:
Change Dir: /workspace/qjs-modules/build/CMakeFiles/CMakeTmp

Run Build Command(s):/usr/bin/gmake -f Makefile cmTC_d913a/fast && /usr/bin/gmake  -f CMakeFiles/cmTC_d913a.dir/build.make CMakeFiles/cmTC_d913a.dir/build
gmake[1]: Entering directory '/workspace/qjs-modules/build/CMakeFiles/CMakeTmp'
Building C object CMakeFiles/cmTC_d913a.dir/CheckIncludeFile.c.o
/usr/bin/cc    -o CMakeFiles/cmTC_d913a.dir/CheckIncludeFile.c.o -c /workspace/qjs-modules/build/CMakeFiles/CMakeTmp/CheckIncludeFile.c
/workspace/qjs-modules/build/CMakeFiles/CMakeTmp/CheckIncludeFile.c:1:10: fatal error: linux/ipx.h: No such file or directory
    1 | #include <linux/ipx.h>
      |          ^~~~~~~~~~~~~
compilation terminated.
gmake[1]: *** [CMakeFiles/cmTC_d913a.dir/build.make:78: CMakeFiles/cmTC_d913a.dir/CheckIncludeFile.c.o] Error 1
gmake[1]: Leaving directory '/workspace/qjs-modules/build/CMakeFiles/CMakeTmp'
gmake: *** [Makefile:127: cmTC_d913a/fast] Error 2



Determining if the include file linux/phonet.h exists failed with the following output:
Change Dir: /workspace/qjs-modules/build/CMakeFiles/CMakeTmp

Run Build Command(s):/usr/bin/gmake -f Makefile cmTC_99cdc/fast && /usr/bin/gmake  -f CMakeFiles/cmTC_99cdc.dir/build.make CMakeFiles/cmTC_99cdc.dir/build
gmake[1]: Entering directory '/workspace/qjs-modules/build/CMakeFiles/CMakeTmp'
Building C object CMakeFiles/cmTC_99cdc.dir/CheckIncludeFile.c.o
/usr/bin/cc    -o CMakeFiles/cmTC_99cdc.dir/CheckIncludeFile.c.o -c /workspace/qjs-modules/build/CMakeFiles/CMakeTmp/CheckIncludeFile.c
In file included from /workspace/qjs-modules/build/CMakeFiles/CMakeTmp/CheckIncludeFile.c:1:
/usr/include/linux/phonet.h:107:30: error: invalid application of 'sizeof' to incomplete type 'struct sockaddr'
  107 |         __u8 spn_zero[sizeof(struct sockaddr) - sizeof(__kernel_sa_family_t) - 3];
      |                              ^~~~~~
gmake[1]: *** [CMakeFiles/cmTC_99cdc.dir/build.make:78: CMakeFiles/cmTC_99cdc.dir/CheckIncludeFile.c.o] Error 1
gmake[1]: Leaving directory '/workspace/qjs-modules/build/CMakeFiles/CMakeTmp'
gmake: *** [Makefile:127: cmTC_99cdc/fast] Error 2



Determining if the function issetugid exists failed with the following output:
Change Dir: /workspace/qjs-modules/build/CMakeFiles/CMakeTmp

Run Build Command(s):/usr/bin/gmake -f Makefile cmTC_f0cb0/fast && /usr/bin/gmake  -f CMakeFiles/cmTC_f0cb0.dir/build.make CMakeFiles/cmTC_f0cb0.dir/build
gmake[1]: Entering directory '/workspace/qjs-modules/build/CMakeFiles/CMakeTmp'
Building C object CMakeFiles/cmTC_f0cb0.dir/CheckFunctionExists.c.o
/usr/bin/cc   -DCHECK_FUNCTION_EXISTS=issetugid -o CMakeFiles/cmTC_f0cb0.dir/CheckFunctionExists.c.o -c /usr/share/cmake-3.22/Modules/CheckFunctionExists.c
Linking C executable cmTC_f0cb0
/usr/bin/cmake -E cmake_link_script CMakeFiles/cmTC_f0cb0.dir/link.txt --verbose=1
/usr/bin/cc  -DCHECK_FUNCTION_EXISTS=issetugid CMakeFiles/cmTC_f0cb0.dir/CheckFunctionExists.c.o -o cmTC_f0cb0  /usr/local/lib/libqjs.a 
/usr/bin/ld: CMakeFiles/cmTC_f0cb0.dir/CheckFunctionExists.c.o: in function `main':
CheckFunctionExists.c:(.text+0x10): undefined reference to `issetugid'
collect2: error: ld returned 1 exit status
gmake[1]: *** [CMakeFiles/cmTC_f0cb0.dir/build.make:100: cmTC_f0cb0] Error 1
gmake[1]: Leaving directory '/workspace/qjs-modules/build/CMakeFiles/CMakeTmp'
gmake: *** [Makefile:127: cmTC_f0cb0/fast] Error 2



Determining if the function magic_open exists in the magic failed with the following output:
Change Dir: /workspace/qjs-modules/build/CMakeFiles/CMakeTmp

Run Build Command(s):/usr/bin/gmake -f Makefile cmTC_e4d1a/fast && /usr/bin/gmake  -f CMakeFiles/cmTC_e4d1a.dir/build.make CMakeFiles/cmTC_e4d1a.dir/build
gmake[1]: Entering directory '/workspace/qjs-modules/build/CMakeFiles/CMakeTmp'
Building C object CMakeFiles/cmTC_e4d1a.dir/CheckFunctionExists.c.o
/usr/bin/cc   -DCHECK_FUNCTION_EXISTS=magic_open -o CMakeFiles/cmTC_e4d1a.dir/CheckFunctionExists.c.o -c /usr/share/cmake-3.22/Modules/CheckFunctionExists.c
Linking C executable cmTC_e4d1a
/usr/bin/cmake -E cmake_link_script CMakeFiles/cmTC_e4d1a.dir/link.txt --verbose=1
/usr/bin/cc  -DCHECK_FUNCTION_EXISTS=magic_open CMakeFiles/cmTC_e4d1a.dir/CheckFunctionExists.c.o -o cmTC_e4d1a  -lmagic /usr/local/lib/libqjs.a 
/usr/bin/ld: cannot find -lmagic: No such file or directory
collect2: error: ld returned 1 exit status
gmake[1]: *** [CMakeFiles/cmTC_e4d1a.dir/build.make:100: cmTC_e4d1a] Error 1
gmake[1]: Leaving directory '/workspace/qjs-modules/build/CMakeFiles/CMakeTmp'
gmake: *** [Makefile:127: cmTC_e4d1a/fast] Error 2



Determining if the include file magic.h exists failed with the following output:
Change Dir: /workspace/qjs-modules/build/CMakeFiles/CMakeTmp

Run Build Command(s):/usr/bin/gmake -f Makefile cmTC_9e63e/fast && /usr/bin/gmake  -f CMakeFiles/cmTC_9e63e.dir/build.make CMakeFiles/cmTC_9e63e.dir/build
gmake[1]: Entering directory '/workspace/qjs-modules/build/CMakeFiles/CMakeTmp'
Building C object CMakeFiles/cmTC_9e63e.dir/CheckIncludeFile.c.o
/usr/bin/cc    -o CMakeFiles/cmTC_9e63e.dir/CheckIncludeFile.c.o -c /workspace/qjs-modules/build/CMakeFiles/CMakeTmp/CheckIncludeFile.c
/workspace/qjs-modules/build/CMakeFiles/CMakeTmp/CheckIncludeFile.c:1:10: fatal error: magic.h: No such file or directory
    1 | #include <magic.h>
      |          ^~~~~~~~~
compilation terminated.
gmake[1]: *** [CMakeFiles/cmTC_9e63e.dir/build.make:78: CMakeFiles/cmTC_9e63e.dir/CheckIncludeFile.c.o] Error 1
gmake[1]: Leaving directory '/workspace/qjs-modules/build/CMakeFiles/CMakeTmp'
gmake: *** [Makefile:127: cmTC_9e63e/fast] Error 2



Determining if the include file mysql.h exists failed with the following output:
Change Dir: /workspace/qjs-modules/build/CMakeFiles/CMakeTmp

Run Build Command(s):/usr/bin/gmake -f Makefile cmTC_c16f0/fast && /usr/bin/gmake  -f CMakeFiles/cmTC_c16f0.dir/build.make CMakeFiles/cmTC_c16f0.dir/build
gmake[1]: Entering directory '/workspace/qjs-modules/build/CMakeFiles/CMakeTmp'
Building C object CMakeFiles/cmTC_c16f0.dir/CheckIncludeFile.c.o
/usr/bin/cc    -o CMakeFiles/cmTC_c16f0.dir/CheckIncludeFile.c.o -c /workspace/qjs-modules/build/CMakeFiles/CMakeTmp/CheckIncludeFile.c
/workspace/qjs-modules/build/CMakeFiles/CMakeTmp/CheckIncludeFile.c:1:10: fatal error: mysql.h: No such file or directory
    1 | #include <mysql.h>
      |          ^~~~~~~~~
compilation terminated.
gmake[1]: *** [CMakeFiles/cmTC_c16f0.dir/build.make:78: CMakeFiles/cmTC_c16f0.dir/CheckIncludeFile.c.o] Error 1
gmake[1]: Leaving directory '/workspace/qjs-modules/build/CMakeFiles/CMakeTmp'
gmake: *** [Makefile:127: cmTC_c16f0/fast] Error 2



Determining if the function JS_IsUncatchableError exists in the /usr/local/lib/libqjs.a failed with the following output:
Change Dir: /workspace/qjs-modules/build/CMakeFiles/CMakeTmp

Run Build Command(s):/usr/bin/gmake -f Makefile cmTC_0ed0f/fast && /usr/bin/gmake  -f CMakeFiles/cmTC_0ed0f.dir/build.make CMakeFiles/cmTC_0ed0f.dir/build
gmake[1]: Entering directory '/workspace/qjs-modules/build/CMakeFiles/CMakeTmp'
Building C object CMakeFiles/cmTC_0ed0f.dir/CheckFunctionExists.c.o
/usr/bin/cc   -DCHECK_FUNCTION_EXISTS=JS_IsUncatchableError -o CMakeFiles/cmTC_0ed0f.dir/CheckFunctionExists.c.o -c /usr/share/cmake-3.22/Modules/CheckFunctionExists.c
Linking C executable cmTC_0ed0f
/usr/bin/cmake -E cmake_link_script CMakeFiles/cmTC_0ed0f.dir/link.txt --verbose=1
/usr/bin/cc  -DCHECK_FUNCTION_EXISTS=JS_IsUncatchableError CMakeFiles/cmTC_0ed0f.dir/CheckFunctionExists.c.o -o cmTC_0ed0f   -L/usr/local/lib/aarch64-linux-gnu  -Wl,-rpath,/usr/local/lib/aarch64-linux-gnu /usr/local/lib/libqjs.a /usr/local/lib/libqjs.a 
/usr/bin/ld: /usr/local/lib/libqjs.a(quickjs.c.o): in function `js_math_pow':
quickjs.c:(.text+0x1ba4): undefined reference to `pow'
/usr/bin/ld: /usr/local/lib/libqjs.a(quickjs.c.o): in function `js_math_cbrt':
quickjs.c:(.text+0x1ce0): undefined reference to `cbrt'
/usr/bin/ld: /usr/local/lib/libqjs.a(quickjs.c.o): in function `js_math_log10':
quickjs.c:(.text+0x1ce4): undefined reference to `log10'
/usr/bin/ld: /usr/local/lib/libqjs.a(quickjs.c.o): in function `js_math_log2':
quickjs.c:(.text+0x1cf0): undefined reference to `log2'
/usr/bin/ld: /usr/local/lib/libqjs.a(quickjs.c.o): in function `js_math_log1p':
quickjs.c:(.text+0x1cf4): undefined reference to `log1p'
/usr/bin/ld: /usr/local/lib/libqjs.a(quickjs.c.o): in function `js_math_expm1':
quickjs.c:(.text+0x1d00): undefined reference to `expm1'
/usr/bin/ld: /usr/local/lib/libqjs.a(quickjs.c.o): in function `js_math_atanh':
quickjs.c:(.text+0x1d04): undefined reference to `atanh'
/usr/bin/ld: /usr/local/lib/libqjs.a(quickjs.c.o): in function `js_math_asinh':
quickjs.c:(.text+0x1d10): undefined reference to `asinh'
/usr/bin/ld: /usr/local/lib/libqjs.a(quickjs.c.o): in function `js_math_acosh':
quickjs.c:(.text+0x1d14): undefined reference to `acosh'
/usr/bin/ld: /usr/local/lib/libqjs.a(quickjs.c.o): in function `js_math_tanh':
quickjs.c:(.text+0x1d20): undefined reference to `tanh'
/usr/bin/ld: /usr/local/lib/libqjs.a(quickjs.c.o): in function `js_math_sinh':
quickjs.c:(.text+0x1d24): undefined reference to `sinh'
/usr/bin/ld: /usr/local/lib/libqjs.a(quickjs.c.o): in function `js_math_cosh':
quickjs.c:(.text+0x1d30): undefined reference to `cosh'
/usr/bin/ld: /usr/local/lib/libqjs.a(quickjs.c.o): in function `js_math_tan':
quickjs.c:(.text+0x1d34): undefined reference to `tan'
/usr/bin/ld: /usr/local/lib/libqjs.a(quickjs.c.o): in function `js_math_sin':
quickjs.c:(.text+0x1d40): undefined reference to `sin'
/usr/bin/ld: /usr/local/lib/libqjs.a(quickjs.c.o): in function `js_math_log':
quickjs.c:(.text+0x1d44): undefined reference to `log'
/usr/bin/ld: /usr/local/lib/libqjs.a(quickjs.c.o): in function `js_math_exp':
quickjs.c:(.text+0x1d50): undefined reference to `exp'
/usr/bin/ld: /usr/local/lib/libqjs.a(quickjs.c.o): in function `js_math_cos':
quickjs.c:(.text+0x1d54): undefined reference to `cos'
/usr/bin/ld: /usr/local/lib/libqjs.a(quickjs.c.o): in function `js_math_atan2':
quickjs.c:(.text+0x1d60): undefined reference to `atan2'
/usr/bin/ld: /usr/local/lib/libqjs.a(quickjs.c.o): in function `js_math_atan':
quickjs.c:(.text+0x1d64): undefined reference to `atan'
/usr/bin/ld: /usr/local/lib/libqjs.a(quickjs.c.o): in function `js_math_asin':
quickjs.c:(.text+0x1d70): undefined reference to `asin'
/usr/bin/ld: /usr/local/lib/libqjs.a(quickjs.c.o): in function `js_math_acos':
quickjs.c:(.text+0x1d74): undefined reference to `acos'
/usr/bin/ld: /usr/local/lib/libqjs.a(quickjs.c.o): in function `js_math_sqrt':
quickjs.c:(.text+0x1d88): undefined reference to `sqrt'
/usr/bin/ld: /usr/local/lib/libqjs.a(quickjs.c.o): in function `set_date_fields':
quickjs.c:(.text+0x2e10): undefined reference to `fmod'
/usr/bin/ld: /usr/local/lib/libqjs.a(quickjs.c.o): in function `js_binary_arith_slow':
quickjs.c:(.text+0x426cc): undefined reference to `pow'
/usr/bin/ld: quickjs.c:(.text+0x427f8): undefined reference to `pow'
/usr/bin/ld: quickjs.c:(.text+0x42834): undefined reference to `fmod'
/usr/bin/ld: quickjs.c:(.text+0x42b44): undefined reference to `fmod'
/usr/bin/ld: /usr/local/lib/libqjs.a(quickjs.c.o): in function `js_math_hypot':
quickjs.c:(.text+0x44e74): undefined reference to `hypot'
/usr/bin/ld: /usr/local/lib/libqjs.a(quickjs.c.o): in function `JS_SetPropertyValue':
quickjs.c:(.text+0x68c00): undefined reference to `lrint'
/usr/bin/ld: /usr/local/lib/libqjs.a(quickjs.c.o): in function `js_typed_array_fill':
quickjs.c:(.text+0x6c964): undefined reference to `lrint'
collect2: error: ld returned 1 exit status
gmake[1]: *** [CMakeFiles/cmTC_0ed0f.dir/build.make:101: cmTC_0ed0f] Error 1
gmake[1]: Leaving directory '/workspace/qjs-modules/build/CMakeFiles/CMakeTmp'
gmake: *** [Makefile:127: cmTC_0ed0f/fast] Error 2



Determining if the function js_debugger_build_backtrace exists failed with the following output:
Change Dir: /workspace/qjs-modules/build/CMakeFiles/CMakeTmp

Run Build Command(s):/usr/bin/gmake -f Makefile cmTC_ec984/fast && /usr/bin/gmake  -f CMakeFiles/cmTC_ec984.dir/build.make CMakeFiles/cmTC_ec984.dir/build
gmake[1]: Entering directory '/workspace/qjs-modules/build/CMakeFiles/CMakeTmp'
Building C object CMakeFiles/cmTC_ec984.dir/CheckFunctionExists.c.o
/usr/bin/cc   -Wall -Wno-unused-parameter -Wno-unused-variable -Wno-unused-function -DCHECK_FUNCTION_EXISTS=js_debugger_build_backtrace -o CMakeFiles/cmTC_ec984.dir/CheckFunctionExists.c.o -c /usr/share/cmake-3.22/Modules/CheckFunctionExists.c
Linking C executable cmTC_ec984
/usr/bin/cmake -E cmake_link_script CMakeFiles/cmTC_ec984.dir/link.txt --verbose=1
/usr/bin/cc -Wall -Wno-unused-parameter -Wno-unused-variable -Wno-unused-function -DCHECK_FUNCTION_EXISTS=js_debugger_build_backtrace CMakeFiles/cmTC_ec984.dir/CheckFunctionExists.c.o -o cmTC_ec984  /usr/local/lib/libqjs.a 
/usr/bin/ld: CMakeFiles/cmTC_ec984.dir/CheckFunctionExists.c.o: in function `main':
CheckFunctionExists.c:(.text+0x10): undefined reference to `js_debugger_build_backtrace'
collect2: error: ld returned 1 exit status
gmake[1]: *** [CMakeFiles/cmTC_ec984.dir/build.make:100: cmTC_ec984] Error 1
gmake[1]: Leaving directory '/workspace/qjs-modules/build/CMakeFiles/CMakeTmp'
gmake: *** [Makefile:127: cmTC_ec984/fast] Error 2



Performing C SOURCE FILE Test HAVE__BUILTIN_MUL_OVERFLOW failed with the following compile output:
Change Dir: /workspace/qjs-modules/build/CMakeFiles/CMakeTmp

Run Build Command(s):/usr/bin/gmake -f Makefile cmTC_51738/fast && /usr/bin/gmake  -f CMakeFiles/cmTC_51738.dir/build.make CMakeFiles/cmTC_51738.dir/build
gmake[1]: Entering directory '/workspace/qjs-modules/build/CMakeFiles/CMakeTmp'
Building C object CMakeFiles/cmTC_51738.dir/src.c.o
/usr/bin/cc -DHAVE__BUILTIN_MUL_OVERFLOW  -Wall -Wno-unused-parameter -Wno-unused-variable -Wno-unused-function  -o CMakeFiles/cmTC_51738.dir/src.c.o -c /workspace/qjs-modules/build/CMakeFiles/CMakeTmp/src.c
/workspace/qjs-modules/build/CMakeFiles/CMakeTmp/src.c: In function 'foo':
/workspace/qjs-modules/build/CMakeFiles/CMakeTmp/src.c:4:7: error: invalid preprocessing directive #c
    4 |     # c);
      |       ^
/workspace/qjs-modules/build/CMakeFiles/CMakeTmp/src.c:5:1: error: expected expression before '}' token
    5 | }
      | ^
/workspace/qjs-modules/build/CMakeFiles/CMakeTmp/src.c:3:39: error: expected ';' before '}' token
    3 |    return __builtin_mul_overflow(a, b,
      |                                       ^
      |                                       ;
    4 |     # c);
    5 | }
      | ~                                      
/workspace/qjs-modules/build/CMakeFiles/CMakeTmp/src.c: In function 'main':
/workspace/qjs-modules/build/CMakeFiles/CMakeTmp/src.c:12:8: error: ";" is not a valid filename
   12 |     # 0;
      |        ^
/workspace/qjs-modules/build/CMakeFiles/CMakeTmp/src.c:13:1: error: expected expression before '}' token
   13 | }
      | ^
/workspace/qjs-modules/build/CMakeFiles/CMakeTmp/src.c: In function 'foo':
/workspace/qjs-modules/build/CMakeFiles/CMakeTmp/src.c:5:1: warning: control reaches end of non-void function [-Wreturn-type]
    5 | }
      | ^
gmake[1]: *** [CMakeFiles/cmTC_51738.dir/build.make:78: CMakeFiles/cmTC_51738.dir/src.c.o] Error 1
gmake[1]: Leaving directory '/workspace/qjs-modules/build/CMakeFiles/CMakeTmp'
gmake: *** [Makefile:127: cmTC_51738/fast] Error 2


...and run output:

Return value: 1
Source file was:
 # include <stdbool.h>
bool foo(int a, int b, int *c) {
   return __builtin_mul_overflow(a, b,
    # c);
}
int main() {
   int out;
   if (foo(1, 2, &out)) {
       return 0;
   }
 return
    # 0;
}
